Archive member included because of file (symbol)

c:/program files/embitz/0.42/share/em_armgcc/bin/../lib/gcc/arm-none-eabi/4.8.4/../../../../arm-none-eabi/lib/armv7e-m/fpu\libg_n.a(lib_a-exit.o)
                              c:/program files/embitz/0.42/share/em_armgcc/bin/../lib/gcc/arm-none-eabi/4.8.4/../../../../arm-none-eabi/lib/armv7e-m/fpu/crt0.o (exit)
c:/program files/embitz/0.42/share/em_armgcc/bin/../lib/gcc/arm-none-eabi/4.8.4/../../../../arm-none-eabi/lib/armv7e-m/fpu\libg_n.a(lib_a-impure.o)
                              c:/program files/embitz/0.42/share/em_armgcc/bin/../lib/gcc/arm-none-eabi/4.8.4/../../../../arm-none-eabi/lib/armv7e-m/fpu\libg_n.a(lib_a-exit.o) (_global_impure_ptr)
c:/program files/embitz/0.42/share/em_armgcc/bin/../lib/gcc/arm-none-eabi/4.8.4/../../../../arm-none-eabi/lib/armv7e-m/fpu\libg_n.a(lib_a-init.o)
                              c:/program files/embitz/0.42/share/em_armgcc/bin/../lib/gcc/arm-none-eabi/4.8.4/../../../../arm-none-eabi/lib/armv7e-m/fpu/crt0.o (__libc_init_array)
c:/program files/embitz/0.42/share/em_armgcc/bin/../lib/gcc/arm-none-eabi/4.8.4/../../../../arm-none-eabi/lib/armv7e-m/fpu\libg_n.a(lib_a-memset.o)
                              c:/program files/embitz/0.42/share/em_armgcc/bin/../lib/gcc/arm-none-eabi/4.8.4/../../../../arm-none-eabi/lib/armv7e-m/fpu/crt0.o (memset)
c:/program files/embitz/0.42/share/em_armgcc/bin/../lib/gcc/arm-none-eabi/4.8.4/../../../../arm-none-eabi/lib/armv7e-m/fpu\libnosys_s.a(_exit.o)
                              c:/program files/embitz/0.42/share/em_armgcc/bin/../lib/gcc/arm-none-eabi/4.8.4/../../../../arm-none-eabi/lib/armv7e-m/fpu\libg_n.a(lib_a-exit.o) (_exit)

Allocating common symbols
Common symbol       size              file

pFlash              0x20              obj\debug\stm32f4xx_hal_driver\src\stm32f4xx_hal_flash.o
AdcHandle           0x44              obj\debug\src\main.o

Discarded input sections

 .text          0x00000000        0x0 c:/program files/embitz/0.42/share/em_armgcc/bin/../lib/gcc/arm-none-eabi/4.8.4/armv7e-m/fpu/crti.o
 .data          0x00000000        0x0 c:/program files/embitz/0.42/share/em_armgcc/bin/../lib/gcc/arm-none-eabi/4.8.4/armv7e-m/fpu/crti.o
 .bss           0x00000000        0x0 c:/program files/embitz/0.42/share/em_armgcc/bin/../lib/gcc/arm-none-eabi/4.8.4/armv7e-m/fpu/crti.o
 .data          0x00000000        0x4 c:/program files/embitz/0.42/share/em_armgcc/bin/../lib/gcc/arm-none-eabi/4.8.4/armv7e-m/fpu/crtbegin.o
 .data          0x00000000        0x0 c:/program files/embitz/0.42/share/em_armgcc/bin/../lib/gcc/arm-none-eabi/4.8.4/../../../../arm-none-eabi/lib/armv7e-m/fpu/crt0.o
 .bss           0x00000000        0x0 c:/program files/embitz/0.42/share/em_armgcc/bin/../lib/gcc/arm-none-eabi/4.8.4/../../../../arm-none-eabi/lib/armv7e-m/fpu/crt0.o
 .ARM.extab     0x00000000        0x0 c:/program files/embitz/0.42/share/em_armgcc/bin/../lib/gcc/arm-none-eabi/4.8.4/../../../../arm-none-eabi/lib/armv7e-m/fpu/crt0.o
 .group         0x00000000        0x8 obj\debug\bsp\stm32f4xx_nucleo.o
 .group         0x00000000        0x8 obj\debug\bsp\stm32f4xx_nucleo.o
 .group         0x00000000        0x8 obj\debug\bsp\stm32f4xx_nucleo.o
 .group         0x00000000        0x8 obj\debug\bsp\stm32f4xx_nucleo.o
 .group         0x00000000        0x8 obj\debug\bsp\stm32f4xx_nucleo.o
 .group         0x00000000        0x8 obj\debug\bsp\stm32f4xx_nucleo.o
 .group         0x00000000        0x8 obj\debug\bsp\stm32f4xx_nucleo.o
 .group         0x00000000        0x8 obj\debug\bsp\stm32f4xx_nucleo.o
 .group         0x00000000        0x8 obj\debug\bsp\stm32f4xx_nucleo.o
 .group         0x00000000        0x8 obj\debug\bsp\stm32f4xx_nucleo.o
 .group         0x00000000        0x8 obj\debug\bsp\stm32f4xx_nucleo.o
 .group         0x00000000        0x8 obj\debug\bsp\stm32f4xx_nucleo.o
 .group         0x00000000        0x8 obj\debug\bsp\stm32f4xx_nucleo.o
 .group         0x00000000        0x8 obj\debug\bsp\stm32f4xx_nucleo.o
 .group         0x00000000        0x8 obj\debug\bsp\stm32f4xx_nucleo.o
 .group         0x00000000        0x8 obj\debug\bsp\stm32f4xx_nucleo.o
 .group         0x00000000        0x8 obj\debug\bsp\stm32f4xx_nucleo.o
 .group         0x00000000        0x8 obj\debug\bsp\stm32f4xx_nucleo.o
 .group         0x00000000        0x8 obj\debug\bsp\stm32f4xx_nucleo.o
 .group         0x00000000        0x8 obj\debug\bsp\stm32f4xx_nucleo.o
 .group         0x00000000        0x8 obj\debug\bsp\stm32f4xx_nucleo.o
 .group         0x00000000        0x8 obj\debug\bsp\stm32f4xx_nucleo.o
 .group         0x00000000        0x8 obj\debug\bsp\stm32f4xx_nucleo.o
 .group         0x00000000        0x8 obj\debug\bsp\stm32f4xx_nucleo.o
 .group         0x00000000        0x8 obj\debug\bsp\stm32f4xx_nucleo.o
 .group         0x00000000        0x8 obj\debug\bsp\stm32f4xx_nucleo.o
 .group         0x00000000        0x8 obj\debug\bsp\stm32f4xx_nucleo.o
[...]
Memory Configuration

Name             Origin             Length             Attributes
ROM              0x08000000         0x00080000         xr
RAM              0x20000000         0x00018000         xrw
*default*        0x00000000         0xffffffff

Linker script and memory map

LOAD c:/program files/embitz/0.42/share/em_armgcc/bin/../lib/gcc/arm-none-eabi/4.8.4/armv7e-m/fpu/crti.o
LOAD c:/program files/embitz/0.42/share/em_armgcc/bin/../lib/gcc/arm-none-eabi/4.8.4/armv7e-m/fpu/crtbegin.o
LOAD c:/program files/embitz/0.42/share/em_armgcc/bin/../lib/gcc/arm-none-eabi/4.8.4/../../../../arm-none-eabi/lib/armv7e-m/fpu/crt0.o
                0x00000000                __HEAP_SIZE = 0x0
                0x00000100                __STACK_SIZE = 0x100

.text           0x08000000     0x2294
 *(.isr_vector)
 .isr_vector    0x08000000      0x188 obj\debug\src\startup_stm32f4xx.o
                0x08000000                __isr_vector
 *(.text*)
 .text          0x08000188       0x54 c:/program files/embitz/0.42/share/em_armgcc/bin/../lib/gcc/arm-none-eabi/4.8.4/armv7e-m/fpu/crtbegin.o
 .text          0x080001dc       0x74 c:/program files/embitz/0.42/share/em_armgcc/bin/../lib/gcc/arm-none-eabi/4.8.4/../../../../arm-none-eabi/lib/armv7e-m/fpu/crt0.o
                0x080001dc                _start
                0x080001dc                _mainCRTStartup
 .text.BSP_LED_Init
                0x08000250       0x70 obj\debug\bsp\stm32f4xx_nucleo.o
                0x08000250                BSP_LED_Init
 .text.BSP_LED_On
                0x080002c0       0x28 obj\debug\bsp\stm32f4xx_nucleo.o
                0x080002c0                BSP_LED_On
 .text.main     0x080002e8       0xb8 obj\debug\src\main.o
                0x080002e8                main
 .text.SystemClock_Config
                0x080003a0       0xb0 obj\debug\src\main.o
 .text.Error_Handler
                0x08000450        0x8 obj\debug\src\main.o
 .text.HAL_ADC_ConvCpltCallback
                0x08000458       0x14 obj\debug\src\main.o
                0x08000458                HAL_ADC_ConvCpltCallback
 .text          0x0800046c      0x108 obj\debug\src\startup_stm32f4xx.o
                0x0800046c                Reset_Handler
                0x080004c4                Default_Handler
                0x080004c6                WWDG_IRQHandler
                0x080004c8                PVD_IRQHandler
                0x080004ca                TAMP_STAMP_IRQHandler
                0x080004cc                RTC_WKUP_IRQHandler
                0x080004ce                FLASH_IRQHandler
                0x080004d0                RCC_IRQHandler
                0x080004d2                EXTI0_IRQHandler
                0x080004d4                EXTI1_IRQHandler
                0x080004d6                EXTI2_IRQHandler
                0x080004d8                EXTI3_IRQHandler
                0x080004da                EXTI4_IRQHandler
                0x080004dc                DMA1_Stream0_IRQHandler
                0x080004de                DMA1_Stream1_IRQHandler
                0x080004e0                DMA1_Stream2_IRQHandler
                0x080004e2                DMA1_Stream3_IRQHandler
                0x080004e4                DMA1_Stream4_IRQHandler
                0x080004e6                DMA1_Stream5_IRQHandler
                0x080004e8                DMA1_Stream6_IRQHandler
                0x080004ea                ADC_IRQHandler
                0x080004ec                CAN1_TX_IRQHandler
                0x080004ee                CAN1_RX0_IRQHandler
                0x080004f0                CAN1_RX1_IRQHandler
                0x080004f2                CAN1_SCE_IRQHandler
                0x080004f4                EXTI9_5_IRQHandler
                0x080004f6                TIM1_BRK_TIM9_IRQHandler
                0x080004f8                TIM1_UP_TIM10_IRQHandler
                0x080004fa                TIM1_TRG_COM_TIM11_IRQHandler
                0x080004fc                TIM1_CC_IRQHandler
                0x080004fe                TIM2_IRQHandler
                0x08000500                TIM3_IRQHandler
                0x08000502                TIM4_IRQHandler
                0x08000504                I2C1_EV_IRQHandler
                0x08000506                I2C1_ER_IRQHandler
                0x08000508                I2C2_EV_IRQHandler
                0x0800050a                I2C2_ER_IRQHandler
                0x0800050c                SPI1_IRQHandler
                0x0800050e                SPI2_IRQHandler
                0x08000510                USART1_IRQHandler
                0x08000512                USART2_IRQHandler
                0x08000514                USART3_IRQHandler
                0x08000516                EXTI15_10_IRQHandler
                0x08000518                RTC_Alarm_IRQHandler
                0x0800051a                OTG_FS_WKUP_IRQHandler
                0x0800051c                TIM8_BRK_TIM12_IRQHandler
                0x0800051e                TIM8_UP_TIM13_IRQHandler
                0x08000520                TIM8_TRG_COM_TIM14_IRQHandler
                0x08000522                TIM8_CC_IRQHandler
                0x08000524                DMA1_Stream7_IRQHandler
                0x08000526                FSMC_IRQHandler
                0x08000528                SDIO_IRQHandler
                0x0800052a                TIM5_IRQHandler
                0x0800052c                SPI3_IRQHandler
                0x0800052e                UART4_IRQHandler
                0x08000530                UART5_IRQHandler
                0x08000532                TIM6_DAC_IRQHandler
                0x08000534                TIM7_IRQHandler
                0x08000538                DMA2_Stream1_IRQHandler
                0x0800053a                DMA2_Stream2_IRQHandler
                0x0800053c                DMA2_Stream3_IRQHandler
                0x0800053e                DMA2_Stream4_IRQHandler
                0x08000540                ETH_IRQHandler
                0x08000542                ETH_WKUP_IRQHandler
                0x08000544                CAN2_TX_IRQHandler
                0x08000546                CAN2_RX0_IRQHandler
                0x08000548                CAN2_RX1_IRQHandler
                0x0800054a                CAN2_SCE_IRQHandler
                0x0800054c                OTG_FS_IRQHandler
                0x0800054e                DMA2_Stream5_IRQHandler
                0x08000550                DMA2_Stream6_IRQHandler
                0x08000552                DMA2_Stream7_IRQHandler
                0x08000554                USART6_IRQHandler
                0x08000556                I2C3_EV_IRQHandler
                0x08000558                I2C3_ER_IRQHandler
                0x0800055a                OTG_HS_EP1_OUT_IRQHandler
                0x0800055c                OTG_HS_EP1_IN_IRQHandler
                0x0800055e                OTG_HS_WKUP_IRQHandler
                0x08000560                OTG_HS_IRQHandler
                0x08000562                DCMI_IRQHandler
                0x08000564                CRYP_IRQHandler
                0x08000566                HASH_RNG_IRQHandler
                0x08000568                FPU_IRQHandler
 .text.HAL_ADC_MspInit
                0x08000574       0xf8 obj\debug\src\stm32f4xx_hal_msp.o
                0x08000574                HAL_ADC_MspInit
 .text.NMI_Handler
                0x0800066c        0xc obj\debug\src\stm32f4xx_it.o
                0x0800066c                NMI_Handler
 .text.HardFault_Handler
                0x08000678        0x8 obj\debug\src\stm32f4xx_it.o
                0x08000678                HardFault_Handler
 .text.MemManage_Handler
                0x08000680        0x8 obj\debug\src\stm32f4xx_it.o
                0x08000680                MemManage_Handler
 .text.BusFault_Handler
                0x08000688        0x8 obj\debug\src\stm32f4xx_it.o
                0x08000688                BusFault_Handler
 .text.UsageFault_Handler
                0x08000690        0x8 obj\debug\src\stm32f4xx_it.o
                0x08000690                UsageFault_Handler
 .text.SVC_Handler
                0x08000698        0xc obj\debug\src\stm32f4xx_it.o
                0x08000698                SVC_Handler
 .text.DebugMon_Handler
                0x080006a4        0xc obj\debug\src\stm32f4xx_it.o
                0x080006a4                DebugMon_Handler
 .text.PendSV_Handler
                0x080006b0        0xc obj\debug\src\stm32f4xx_it.o
                0x080006b0                PendSV_Handler
 .text.SysTick_Handler
                0x080006bc        0xc obj\debug\src\stm32f4xx_it.o
                0x080006bc                SysTick_Handler
 .text.DMA2_Stream0_IRQHandler
                0x080006c8       0x14 obj\debug\src\stm32f4xx_it.o
                0x080006c8                DMA2_Stream0_IRQHandler
 .text.SystemInit
                0x080006dc       0x6c obj\debug\src\system_stm32f4xx.o
                0x080006dc                SystemInit
 .text.HAL_Init
                0x08000748       0x44 obj\debug\stm32f4xx_hal_driver\src\stm32f4xx_hal.o
                0x08000748                HAL_Init
 .text.HAL_InitTick
                0x0800078c       0x38 obj\debug\stm32f4xx_hal_driver\src\stm32f4xx_hal.o
                0x0800078c                HAL_InitTick
 .text.HAL_GetTick
                0x080007c4       0x18 obj\debug\stm32f4xx_hal_driver\src\stm32f4xx_hal.o
                0x080007c4                HAL_GetTick
 .text.HAL_ADC_Init
                0x080007dc       0x5c obj\debug\stm32f4xx_hal_driver\src\stm32f4xx_hal_adc.o
                0x080007dc                HAL_ADC_Init
 .text.HAL_ADC_Start_DMA
                0x08000838      0x104 obj\debug\stm32f4xx_hal_driver\src\stm32f4xx_hal_adc.o
                0x08000838                HAL_ADC_Start_DMA
 .text.HAL_ADC_ConvHalfCpltCallback
                0x0800093c       0x14 obj\debug\stm32f4xx_hal_driver\src\stm32f4xx_hal_adc.o
                0x0800093c                HAL_ADC_ConvHalfCpltCallback
 .text.HAL_ADC_ErrorCallback
                0x08000950       0x14 obj\debug\stm32f4xx_hal_driver\src\stm32f4xx_hal_adc.o
                0x08000950                HAL_ADC_ErrorCallback
 .text.HAL_ADC_ConfigChannel
                0x08000964      0x244 obj\debug\stm32f4xx_hal_driver\src\stm32f4xx_hal_adc.o
                0x08000964                HAL_ADC_ConfigChannel
 .text.ADC_Init
                0x08000ba8      0x20c obj\debug\stm32f4xx_hal_driver\src\stm32f4xx_hal_adc.o
 .text.ADC_DMAConvCplt
                0x08000db4       0x38 obj\debug\stm32f4xx_hal_driver\src\stm32f4xx_hal_adc.o
 .text.ADC_DMAHalfConvCplt
                0x08000dec       0x1c obj\debug\stm32f4xx_hal_driver\src\stm32f4xx_hal_adc.o
 .text.ADC_DMAError
                0x08000e08       0x30 obj\debug\stm32f4xx_hal_driver\src\stm32f4xx_hal_adc.o
 .text.NVIC_SetPriorityGrouping
                0x08000e38       0x48 obj\debug\stm32f4xx_hal_driver\src\stm32f4xx_hal_cortex.o
 .text.NVIC_GetPriorityGrouping
                0x08000e80       0x1c obj\debug\stm32f4xx_hal_driver\src\stm32f4xx_hal_cortex.o
 .text.NVIC_EnableIRQ
                0x08000e9c       0x30 obj\debug\stm32f4xx_hal_driver\src\stm32f4xx_hal_cortex.o
 .text.NVIC_SetPriority
                0x08000ecc       0x54 obj\debug\stm32f4xx_hal_driver\src\stm32f4xx_hal_cortex.o
 .text.NVIC_EncodePriority
                0x08000f20       0x68 obj\debug\stm32f4xx_hal_driver\src\stm32f4xx_hal_cortex.o
 .text.SysTick_Config
                0x08000f88       0x44 obj\debug\stm32f4xx_hal_driver\src\stm32f4xx_hal_cortex.o
 .text.HAL_NVIC_SetPriorityGrouping
                0x08000fcc       0x14 obj\debug\stm32f4xx_hal_driver\src\stm32f4xx_hal_cortex.o
                0x08000fcc                HAL_NVIC_SetPriorityGrouping
 .text.HAL_NVIC_SetPriority
                0x08000fe0       0x38 obj\debug\stm32f4xx_hal_driver\src\stm32f4xx_hal_cortex.o
                0x08000fe0                HAL_NVIC_SetPriority
 .text.HAL_NVIC_EnableIRQ
                0x08001018       0x1c obj\debug\stm32f4xx_hal_driver\src\stm32f4xx_hal_cortex.o
                0x08001018                HAL_NVIC_EnableIRQ
 .text.HAL_SYSTICK_Config
                0x08001034       0x18 obj\debug\stm32f4xx_hal_driver\src\stm32f4xx_hal_cortex.o
                0x08001034                HAL_SYSTICK_Config
 .text.HAL_DMA_Init
                0x0800104c       0xd8 obj\debug\stm32f4xx_hal_driver\src\stm32f4xx_hal_dma.o
                0x0800104c                HAL_DMA_Init
 .text.HAL_DMA_Start_IT
                0x08001124       0x84 obj\debug\stm32f4xx_hal_driver\src\stm32f4xx_hal_dma.o
                0x08001124                HAL_DMA_Start_IT
 .text.HAL_DMA_IRQHandler
                0x080011a8      0x2d8 obj\debug\stm32f4xx_hal_driver\src\stm32f4xx_hal_dma.o
                0x080011a8                HAL_DMA_IRQHandler
 .text.DMA_SetConfig
                0x08001480       0x5c obj\debug\stm32f4xx_hal_driver\src\stm32f4xx_hal_dma.o
 .text.DMA_CalcBaseAndBitshift
                0x080014dc       0x6c obj\debug\stm32f4xx_hal_driver\src\stm32f4xx_hal_dma.o
 .text.HAL_GPIO_Init
                0x08001548      0x300 obj\debug\stm32f4xx_hal_driver\src\stm32f4xx_hal_gpio.o
                0x08001548                HAL_GPIO_Init
 .text.HAL_GPIO_WritePin
                0x08001848       0x30 obj\debug\stm32f4xx_hal_driver\src\stm32f4xx_hal_gpio.o
                0x08001848                HAL_GPIO_WritePin
 .text.HAL_MspInit
                0x08001878        0xc obj\debug\stm32f4xx_hal_driver\src\stm32f4xx_hal_msp_template.o
                0x08001878                HAL_MspInit
 .text.HAL_RCC_OscConfig
                0x08001884      0x4c4 obj\debug\stm32f4xx_hal_driver\src\stm32f4xx_hal_rcc.o
                0x08001884                HAL_RCC_OscConfig
 .text.HAL_RCC_ClockConfig
                0x08001d48      0x31c obj\debug\stm32f4xx_hal_driver\src\stm32f4xx_hal_rcc.o
                0x08001d48                HAL_RCC_ClockConfig
 .text.HAL_RCC_GetSysClockFreq
                0x08002064      0x118 obj\debug\stm32f4xx_hal_driver\src\stm32f4xx_hal_rcc.o
                0x08002064                HAL_RCC_GetSysClockFreq
 .text.HAL_RCC_GetHCLKFreq
                0x0800217c       0x54 obj\debug\stm32f4xx_hal_driver\src\stm32f4xx_hal_rcc.o
                0x0800217c                HAL_RCC_GetHCLKFreq
 .text.exit     0x080021d0       0x28 c:/program files/embitz/0.42/share/em_armgcc/bin/../lib/gcc/arm-none-eabi/4.8.4/../../../../arm-none-eabi/lib/armv7e-m/fpu\libg_n.a(lib_a-exit.o)
                0x080021d0                exit
 .text.__libc_init_array
                0x080021f8       0x4c c:/program files/embitz/0.42/share/em_armgcc/bin/../lib/gcc/arm-none-eabi/4.8.4/../../../../arm-none-eabi/lib/armv7e-m/fpu\libg_n.a(lib_a-init.o)
                0x080021f8                __libc_init_array
 .text.memset   0x08002244       0x10 c:/program files/embitz/0.42/share/em_armgcc/bin/../lib/gcc/arm-none-eabi/4.8.4/../../../../arm-none-eabi/lib/armv7e-m/fpu\libg_n.a(lib_a-memset.o)
                0x08002244                memset
 .text          0x08002254        0x2 c:/program files/embitz/0.42/share/em_armgcc/bin/../lib/gcc/arm-none-eabi/4.8.4/../../../../arm-none-eabi/lib/armv7e-m/fpu\libnosys_s.a(_exit.o)
                0x08002254                _exit
 *(.init)
 *fill*         0x08002256        0x2 
 .init          0x08002258        0x4 c:/program files/embitz/0.42/share/em_armgcc/bin/../lib/gcc/arm-none-eabi/4.8.4/armv7e-m/fpu/crti.o
                0x08002258                _init
 .init          0x0800225c        0x8 c:/program files/embitz/0.42/share/em_armgcc/bin/../lib/gcc/arm-none-eabi/4.8.4/armv7e-m/fpu/crtn.o
 *(.fini)
 .fini          0x08002264        0x4 c:/program files/embitz/0.42/share/em_armgcc/bin/../lib/gcc/arm-none-eabi/4.8.4/armv7e-m/fpu/crti.o
                0x08002264                _fini
 .fini          0x08002268        0x8 c:/program files/embitz/0.42/share/em_armgcc/bin/../lib/gcc/arm-none-eabi/4.8.4/armv7e-m/fpu/crtn.o
 *crtbegin.o(.ctors)
 *crtbegin?.o(.ctors)
 *(EXCLUDE_FILE(*crtend.o *crtend?.o) .ctors)
 *(SORT(.ctors.*))
 *(.ctors)
 *crtbegin.o(.dtors)
 *crtbegin?.o(.dtors)
 *(EXCLUDE_FILE(*crtend.o *crtend?.o) .dtors)
 *(SORT(.dtors.*))
 *(.dtors)
 *(.rodata*)
 .rodata.flagBitshiftOffset.6782
                0x08002270        0x8 obj\debug\stm32f4xx_hal_driver\src\stm32f4xx_hal_dma.o
 .rodata.APBAHBPrescTable
                0x08002278       0x10 obj\debug\stm32f4xx_hal_driver\src\stm32f4xx_hal_rcc.o
                0x08002278                APBAHBPrescTable
 .rodata.str1.1
                0x08002288        0x2 c:/program files/embitz/0.42/share/em_armgcc/bin/../lib/gcc/arm-none-eabi/4.8.4/../../../../arm-none-eabi/lib/armv7e-m/fpu\libg_n.a(lib_a-impure.o)
 *fill*         0x0800228a        0x2 
 .rodata._global_impure_ptr
                0x0800228c        0x4 c:/program files/embitz/0.42/share/em_armgcc/bin/../lib/gcc/arm-none-eabi/4.8.4/../../../../arm-none-eabi/lib/armv7e-m/fpu\libg_n.a(lib_a-impure.o)
                0x0800228c                _global_impure_ptr
 *(.eh_frame*)
 .eh_frame      0x08002290        0x0 c:/program files/embitz/0.42/share/em_armgcc/bin/../lib/gcc/arm-none-eabi/4.8.4/armv7e-m/fpu/crtbegin.o
 .eh_frame      0x08002290        0x4 c:/program files/embitz/0.42/share/em_armgcc/bin/../lib/gcc/arm-none-eabi/4.8.4/armv7e-m/fpu/crtend.o

.glue_7         0x08002294        0x0
 .glue_7        0x00000000        0x0 linker stubs

.glue_7t        0x08002294        0x0
 .glue_7t       0x00000000        0x0 linker stubs

.vfp11_veneer   0x08002294        0x0
 .vfp11_veneer  0x00000000        0x0 linker stubs

.v4_bx          0x08002294        0x0
 .v4_bx         0x00000000        0x0 linker stubs

.iplt           0x08002294        0x0
 .iplt          0x00000000        0x0 c:/program files/embitz/0.42/share/em_armgcc/bin/../lib/gcc/arm-none-eabi/4.8.4/armv7e-m/fpu/crtbegin.o

.ARM.extab
 *(.ARM.extab* .gnu.linkonce.armextab.*)
                0x08002294                __exidx_start = .

.ARM.exidx      0x08002294        0x8
 *(.ARM.exidx* .gnu.linkonce.armexidx.*)
 .ARM.exidx     0x08002294        0x8 c:/program files/embitz/0.42/share/em_armgcc/bin/../lib/gcc/arm-none-eabi/4.8.4/../../../../arm-none-eabi/lib/armv7e-m/fpu/crt0.o
                0x0800229c                __exidx_end = .
                0x0800229c                __etext = .

.rel.dyn        0x0800229c        0x0
 .rel.iplt      0x00000000        0x0 c:/program files/embitz/0.42/share/em_armgcc/bin/../lib/gcc/arm-none-eabi/4.8.4/armv7e-m/fpu/crtbegin.o

.data           0x20000000       0x70 load address 0x0800229c
                0x20000000                __data_start__ = .
 *(vtable)
 *(.data*)
 .data.GPIO_PORT
                0x20000000        0x4 obj\debug\bsp\stm32f4xx_nucleo.o
                0x20000000                GPIO_PORT
 .data.SystemCoreClock
                0x20000004        0x4 obj\debug\src\system_stm32f4xx.o
                0x20000004                SystemCoreClock
 .data.impure_data
                0x20000008       0x60 c:/program files/embitz/0.42/share/em_armgcc/bin/../lib/gcc/arm-none-eabi/4.8.4/../../../../arm-none-eabi/lib/armv7e-m/fpu\libg_n.a(lib_a-impure.o)
                0x20000068                . = ALIGN (0x4)
                0x20000068                PROVIDE (__preinit_array_start, .)
 *(.preinit_array)
                0x20000068                PROVIDE (__preinit_array_end, .)
                0x20000068                . = ALIGN (0x4)
                0x20000068                PROVIDE (__init_array_start, .)
 *(SORT(.init_array.*))
 *(.init_array)
 .init_array    0x20000068        0x4 c:/program files/embitz/0.42/share/em_armgcc/bin/../lib/gcc/arm-none-eabi/4.8.4/armv7e-m/fpu/crtbegin.o
                0x2000006c                PROVIDE (__init_array_end, .)
                0x2000006c                . = ALIGN (0x4)
                0x2000006c                PROVIDE (__fini_array_start, .)
 *(SORT(.fini_array.*))
 *(.fini_array)
 .fini_array    0x2000006c        0x4 c:/program files/embitz/0.42/share/em_armgcc/bin/../lib/gcc/arm-none-eabi/4.8.4/armv7e-m/fpu/crtbegin.o
                0x20000070                PROVIDE (__fini_array_end, .)
                0x20000070                . = ALIGN (0x4)
                0x20000070                __data_end__ = .

.jcr            0x20000070        0x0 load address 0x0800230c
 .jcr           0x20000070        0x0 c:/program files/embitz/0.42/share/em_armgcc/bin/../lib/gcc/arm-none-eabi/4.8.4/armv7e-m/fpu/crtbegin.o

.igot.plt       0x20000070        0x0 load address 0x0800230c
 .igot.plt      0x00000000        0x0 c:/program files/embitz/0.42/share/em_armgcc/bin/../lib/gcc/arm-none-eabi/4.8.4/armv7e-m/fpu/crtbegin.o

.bss            0x20000070       0xc0 load address 0x0800230c
                0x20000070                __bss_start__ = .
 *(.bss*)
 .bss           0x20000070       0x1c c:/program files/embitz/0.42/share/em_armgcc/bin/../lib/gcc/arm-none-eabi/4.8.4/armv7e-m/fpu/crtbegin.o
 .bss.uhADCxConvertedValue
                0x2000008c        0x2 obj\debug\src\main.o
                0x2000008c                uhADCxConvertedValue
 *fill*         0x2000008e        0x2 
 .bss.hdma_adc.6751
                0x20000090       0x58 obj\debug\src\stm32f4xx_hal_msp.o
 .bss.uwTick    0x200000e8        0x4 obj\debug\stm32f4xx_hal_driver\src\stm32f4xx_hal.o
 *(COMMON)
 COMMON         0x200000ec       0x44 obj\debug\src\main.o
                0x200000ec                AdcHandle
                0x20000130                __bss_end__ = .

.heap           0x20000130        0x0
                0x20000130                __end__ = .
                0x20000130                end = __end__
 *(.heap*)
 .heap          0x20000130        0x0 obj\debug\src\startup_stm32f4xx.o
                0x20000130                __HeapLimit = .

.stack_dummy    0x20000130      0x100
 *(.stack)
 .stack         0x20000130      0x100 obj\debug\src\startup_stm32f4xx.o
                0x20018000                __StackTop = (ORIGIN (RAM) + 0x18000)
                0x20017f00                __StackLimit = (__StackTop - SIZEOF (.stack_dummy))
                0x20018000                PROVIDE (__stack, __StackTop)
                0x00000001                ASSERT ((__StackLimit >= __HeapLimit), region RAM overflowed with stack)
LOAD obj\debug\bsp\stm32f4xx_nucleo.o
LOAD obj\debug\src\main.o
LOAD obj\debug\src\startup_stm32f4xx.o
LOAD obj\debug\src\stm32f4xx_hal_msp.o
LOAD obj\debug\src\stm32f4xx_it.o
LOAD obj\debug\src\system_stm32f4xx.o
LOAD obj\debug\stm32f4xx_hal_driver\src\stm32f4xx_hal.o
LOAD obj\debug\stm32f4xx_hal_driver\src\stm32f4xx_hal_adc.o
LOAD obj\debug\stm32f4xx_hal_driver\src\stm32f4xx_hal_adc_ex.o
LOAD obj\debug\stm32f4xx_hal_driver\src\stm32f4xx_hal_can.o
LOAD obj\debug\stm32f4xx_hal_driver\src\stm32f4xx_hal_cec.o
LOAD obj\debug\stm32f4xx_hal_driver\src\stm32f4xx_hal_cortex.o
LOAD obj\debug\stm32f4xx_hal_driver\src\stm32f4xx_hal_crc.o
LOAD obj\debug\stm32f4xx_hal_driver\src\stm32f4xx_hal_cryp.o
LOAD obj\debug\stm32f4xx_hal_driver\src\stm32f4xx_hal_cryp_ex.o
LOAD obj\debug\stm32f4xx_hal_driver\src\stm32f4xx_hal_dac.o
LOAD obj\debug\stm32f4xx_hal_driver\src\stm32f4xx_hal_dac_ex.o
LOAD obj\debug\stm32f4xx_hal_driver\src\stm32f4xx_hal_dcmi.o
LOAD obj\debug\stm32f4xx_hal_driver\src\stm32f4xx_hal_dcmi_ex.o
LOAD obj\debug\stm32f4xx_hal_driver\src\stm32f4xx_hal_dma.o
LOAD obj\debug\stm32f4xx_hal_driver\src\stm32f4xx_hal_dma2d.o
LOAD obj\debug\stm32f4xx_hal_driver\src\stm32f4xx_hal_dma_ex.o
LOAD obj\debug\stm32f4xx_hal_driver\src\stm32f4xx_hal_dsi.o
LOAD obj\debug\stm32f4xx_hal_driver\src\stm32f4xx_hal_eth.o
LOAD obj\debug\stm32f4xx_hal_driver\src\stm32f4xx_hal_flash.o
LOAD obj\debug\stm32f4xx_hal_driver\src\stm32f4xx_hal_flash_ex.o
LOAD obj\debug\stm32f4xx_hal_driver\src\stm32f4xx_hal_flash_ramfunc.o
LOAD obj\debug\stm32f4xx_hal_driver\src\stm32f4xx_hal_fmpi2c.o
LOAD obj\debug\stm32f4xx_hal_driver\src\stm32f4xx_hal_fmpi2c_ex.o
LOAD obj\debug\stm32f4xx_hal_driver\src\stm32f4xx_hal_gpio.o
LOAD obj\debug\stm32f4xx_hal_driver\src\stm32f4xx_hal_hash.o
LOAD obj\debug\stm32f4xx_hal_driver\src\stm32f4xx_hal_hash_ex.o
LOAD obj\debug\stm32f4xx_hal_driver\src\stm32f4xx_hal_hcd.o
LOAD obj\debug\stm32f4xx_hal_driver\src\stm32f4xx_hal_i2c.o
LOAD obj\debug\stm32f4xx_hal_driver\src\stm32f4xx_hal_i2c_ex.o
LOAD obj\debug\stm32f4xx_hal_driver\src\stm32f4xx_hal_i2s.o
LOAD obj\debug\stm32f4xx_hal_driver\src\stm32f4xx_hal_i2s_ex.o
LOAD obj\debug\stm32f4xx_hal_driver\src\stm32f4xx_hal_irda.o
LOAD obj\debug\stm32f4xx_hal_driver\src\stm32f4xx_hal_iwdg.o
LOAD obj\debug\stm32f4xx_hal_driver\src\stm32f4xx_hal_lptim.o
LOAD obj\debug\stm32f4xx_hal_driver\src\stm32f4xx_hal_ltdc.o
LOAD obj\debug\stm32f4xx_hal_driver\src\stm32f4xx_hal_ltdc_ex.o
LOAD obj\debug\stm32f4xx_hal_driver\src\stm32f4xx_hal_msp_template.o
LOAD obj\debug\stm32f4xx_hal_driver\src\stm32f4xx_hal_nand.o
LOAD obj\debug\stm32f4xx_hal_driver\src\stm32f4xx_hal_nor.o
LOAD obj\debug\stm32f4xx_hal_driver\src\stm32f4xx_hal_pccard.o
LOAD obj\debug\stm32f4xx_hal_driver\src\stm32f4xx_hal_pcd.o
LOAD obj\debug\stm32f4xx_hal_driver\src\stm32f4xx_hal_pcd_ex.o
LOAD obj\debug\stm32f4xx_hal_driver\src\stm32f4xx_hal_pwr.o
LOAD obj\debug\stm32f4xx_hal_driver\src\stm32f4xx_hal_pwr_ex.o
LOAD obj\debug\stm32f4xx_hal_driver\src\stm32f4xx_hal_qspi.o
LOAD obj\debug\stm32f4xx_hal_driver\src\stm32f4xx_hal_rcc.o
LOAD obj\debug\stm32f4xx_hal_driver\src\stm32f4xx_hal_rcc_ex.o
LOAD obj\debug\stm32f4xx_hal_driver\src\stm32f4xx_hal_rng.o
LOAD obj\debug\stm32f4xx_hal_driver\src\stm32f4xx_hal_rtc.o
LOAD obj\debug\stm32f4xx_hal_driver\src\stm32f4xx_hal_rtc_ex.o
LOAD obj\debug\stm32f4xx_hal_driver\src\stm32f4xx_hal_sai.o
LOAD obj\debug\stm32f4xx_hal_driver\src\stm32f4xx_hal_sai_ex.o
LOAD obj\debug\stm32f4xx_hal_driver\src\stm32f4xx_hal_sd.o
LOAD obj\debug\stm32f4xx_hal_driver\src\stm32f4xx_hal_sdram.o
LOAD obj\debug\stm32f4xx_hal_driver\src\stm32f4xx_hal_smartcard.o
LOAD obj\debug\stm32f4xx_hal_driver\src\stm32f4xx_hal_spdifrx.o
LOAD obj\debug\stm32f4xx_hal_driver\src\stm32f4xx_hal_spi.o
LOAD obj\debug\stm32f4xx_hal_driver\src\stm32f4xx_hal_sram.o
LOAD obj\debug\stm32f4xx_hal_driver\src\stm32f4xx_hal_tim.o
LOAD obj\debug\stm32f4xx_hal_driver\src\stm32f4xx_hal_tim_ex.o
LOAD obj\debug\stm32f4xx_hal_driver\src\stm32f4xx_hal_uart.o
LOAD obj\debug\stm32f4xx_hal_driver\src\stm32f4xx_hal_usart.o
LOAD obj\debug\stm32f4xx_hal_driver\src\stm32f4xx_hal_wwdg.o
LOAD obj\debug\stm32f4xx_hal_driver\src\stm32f4xx_ll_fmc.o
LOAD obj\debug\stm32f4xx_hal_driver\src\stm32f4xx_ll_fsmc.o
LOAD obj\debug\stm32f4xx_hal_driver\src\stm32f4xx_ll_sdmmc.o
LOAD obj\debug\stm32f4xx_hal_driver\src\stm32f4xx_ll_usb.o
START GROUP
LOAD c:/program files/embitz/0.42/share/em_armgcc/bin/../lib/gcc/arm-none-eabi/4.8.4/armv7e-m/fpu\libgcc.a
LOAD c:/program files/embitz/0.42/share/em_armgcc/bin/../lib/gcc/arm-none-eabi/4.8.4/../../../../arm-none-eabi/lib/armv7e-m/fpu\libg_n.a
LOAD c:/program files/embitz/0.42/share/em_armgcc/bin/../lib/gcc/arm-none-eabi/4.8.4/../../../../arm-none-eabi/lib/armv7e-m/fpu\libc_n.a
END GROUP
START GROUP
LOAD c:/program files/embitz/0.42/share/em_armgcc/bin/../lib/gcc/arm-none-eabi/4.8.4/armv7e-m/fpu\libgcc.a
LOAD c:/program files/embitz/0.42/share/em_armgcc/bin/../lib/gcc/arm-none-eabi/4.8.4/../../../../arm-none-eabi/lib/armv7e-m/fpu\libc_n.a
LOAD c:/program files/embitz/0.42/share/em_armgcc/bin/../lib/gcc/arm-none-eabi/4.8.4/../../../../arm-none-eabi/lib/armv7e-m/fpu\libnosys_s.a
END GROUP
LOAD c:/program files/embitz/0.42/share/em_armgcc/bin/../lib/gcc/arm-none-eabi/4.8.4/armv7e-m/fpu/crtend.o
LOAD c:/program files/embitz/0.42/share/em_armgcc/bin/../lib/gcc/arm-none-eabi/4.8.4/armv7e-m/fpu/crtn.o
OUTPUT(bin\Debug\BareMetal_ADC.elf elf32-littlearm)

.ARM.attributes
                0x00000000       0x30
 .ARM.attributes
                0x00000000       0x22 c:/program files/embitz/0.42/share/em_armgcc/bin/../lib/gcc/arm-none-eabi/4.8.4/armv7e-m/fpu/crti.o
 .ARM.attributes
                0x00000022       0x34 c:/program files/embitz/0.42/share/em_armgcc/bin/../lib/gcc/arm-none-eabi/4.8.4/armv7e-m/fpu/crtbegin.o
 .ARM.attributes
                0x00000056       0x20 c:/program files/embitz/0.42/share/em_armgcc/bin/../lib/gcc/arm-none-eabi/4.8.4/../../../../arm-none-eabi/lib/armv7e-m/fpu/crt0.o
 .ARM.attributes
                0x00000076       0x39 obj\debug\bsp\stm32f4xx_nucleo.o
 .ARM.attributes
                0x000000af       0x39 obj\debug\src\main.o
 .ARM.attributes
                0x000000e8       0x1f obj\debug\src\startup_stm32f4xx.o
 .ARM.attributes
                0x00000107       0x39 obj\debug\src\stm32f4xx_hal_msp.o
 .ARM.attributes
                0x00000140       0x39 obj\debug\src\stm32f4xx_it.o
 .ARM.attributes
                0x00000179       0x39 obj\debug\src\system_stm32f4xx.o
 .ARM.attributes
                0x000001b2       0x39 obj\debug\stm32f4xx_hal_driver\src\stm32f4xx_hal.o
 .ARM.attributes
                0x000001eb       0x39 obj\debug\stm32f4xx_hal_driver\src\stm32f4xx_hal_adc.o
 .ARM.attributes
                0x00000224       0x39 obj\debug\stm32f4xx_hal_driver\src\stm32f4xx_hal_cortex.o
 .ARM.attributes
                0x0000025d       0x39 obj\debug\stm32f4xx_hal_driver\src\stm32f4xx_hal_dma.o
 .ARM.attributes
                0x00000296       0x39 obj\debug\stm32f4xx_hal_driver\src\stm32f4xx_hal_gpio.o
 .ARM.attributes
                0x000002cf       0x39 obj\debug\stm32f4xx_hal_driver\src\stm32f4xx_hal_msp_template.o
 .ARM.attributes
                0x00000308       0x39 obj\debug\stm32f4xx_hal_driver\src\stm32f4xx_hal_rcc.o
 .ARM.attributes
                0x00000341       0x34 c:/program files/embitz/0.42/share/em_armgcc/bin/../lib/gcc/arm-none-eabi/4.8.4/../../../../arm-none-eabi/lib/armv7e-m/fpu\libg_n.a(lib_a-exit.o)
 .ARM.attributes
                0x00000375       0x34 c:/program files/embitz/0.42/share/em_armgcc/bin/../lib/gcc/arm-none-eabi/4.8.4/../../../../arm-none-eabi/lib/armv7e-m/fpu\libg_n.a(lib_a-impure.o)
 .ARM.attributes
                0x000003a9       0x34 c:/program files/embitz/0.42/share/em_armgcc/bin/../lib/gcc/arm-none-eabi/4.8.4/../../../../arm-none-eabi/lib/armv7e-m/fpu\libg_n.a(lib_a-init.o)
 .ARM.attributes
                0x000003dd       0x34 c:/program files/embitz/0.42/share/em_armgcc/bin/../lib/gcc/arm-none-eabi/4.8.4/../../../../arm-none-eabi/lib/armv7e-m/fpu\libg_n.a(lib_a-memset.o)
 .ARM.attributes
                0x00000411       0x34 c:/program files/embitz/0.42/share/em_armgcc/bin/../lib/gcc/arm-none-eabi/4.8.4/../../../../arm-none-eabi/lib/armv7e-m/fpu\libnosys_s.a(_exit.o)
 .ARM.attributes
                0x00000445       0x34 c:/program files/embitz/0.42/share/em_armgcc/bin/../lib/gcc/arm-none-eabi/4.8.4/armv7e-m/fpu/crtend.o
 .ARM.attributes
                0x00000479       0x22 c:/program files/embitz/0.42/share/em_armgcc/bin/../lib/gcc/arm-none-eabi/4.8.4/armv7e-m/fpu/crtn.o

.comment        0x00000000       0x46
 .comment       0x00000000       0x46 obj\debug\bsp\stm32f4xx_nucleo.o
                                 0x47 (size before relaxing)
 .comment       0x00000000       0x47 obj\debug\src\main.o
 .comment       0x00000000       0x47 obj\debug\src\stm32f4xx_hal_msp.o
 .comment       0x00000000       0x47 obj\debug\src\stm32f4xx_it.o
 .comment       0x00000000       0x47 obj\debug\src\system_stm32f4xx.o
 .comment       0x00000000       0x47 obj\debug\stm32f4xx_hal_driver\src\stm32f4xx_hal.o
 .comment       0x00000000       0x47 obj\debug\stm32f4xx_hal_driver\src\stm32f4xx_hal_adc.o
 .comment       0x00000000       0x47 obj\debug\stm32f4xx_hal_driver\src\stm32f4xx_hal_cortex.o
 .comment       0x00000000       0x47 obj\debug\stm32f4xx_hal_driver\src\stm32f4xx_hal_dma.o
 .comment       0x00000000       0x47 obj\debug\stm32f4xx_hal_driver\src\stm32f4xx_hal_gpio.o
 .comment       0x00000000       0x47 obj\debug\stm32f4xx_hal_driver\src\stm32f4xx_hal_msp_template.o
 .comment       0x00000000       0x47 obj\debug\stm32f4xx_hal_driver\src\stm32f4xx_hal_rcc.o

.debug_info     0x00000000     0x70ee
 .debug_info    0x00000000     0x142b obj\debug\bsp\stm32f4xx_nucleo.o
 .debug_info    0x0000142b      0xa0a obj\debug\src\main.o
 .debug_info    0x00001e35       0x9a obj\debug\src\startup_stm32f4xx.o
 .debug_info    0x00001ecf      0xa84 obj\debug\src\stm32f4xx_hal_msp.o
 .debug_info    0x00002953      0x638 obj\debug\src\stm32f4xx_it.o
 .debug_info    0x00002f8b      0x4a2 obj\debug\src\system_stm32f4xx.o
 .debug_info    0x0000342d      0x841 obj\debug\stm32f4xx_hal_driver\src\stm32f4xx_hal.o
 .debug_info    0x00003c6e      0xcd4 obj\debug\stm32f4xx_hal_driver\src\stm32f4xx_hal_adc.o
 .debug_info    0x00004942      0xad3 obj\debug\stm32f4xx_hal_driver\src\stm32f4xx_hal_cortex.o
 .debug_info    0x00005415      0x6e6 obj\debug\stm32f4xx_hal_driver\src\stm32f4xx_hal_dma.o
 .debug_info    0x00005afb      0x6fc obj\debug\stm32f4xx_hal_driver\src\stm32f4xx_hal_gpio.o
 .debug_info    0x000061f7       0xe9 obj\debug\stm32f4xx_hal_driver\src\stm32f4xx_hal_msp_template.o
 .debug_info    0x000062e0      0xe0e obj\debug\stm32f4xx_hal_driver\src\stm32f4xx_hal_rcc.o

.debug_abbrev   0x00000000     0x14cf
 .debug_abbrev  0x00000000      0x265 obj\debug\bsp\stm32f4xx_nucleo.o
 .debug_abbrev  0x00000265      0x1b3 obj\debug\src\main.o
 .debug_abbrev  0x00000418       0x14 obj\debug\src\startup_stm32f4xx.o
 .debug_abbrev  0x0000042c      0x158 obj\debug\src\stm32f4xx_hal_msp.o
 .debug_abbrev  0x00000584      0x103 obj\debug\src\stm32f4xx_it.o
 .debug_abbrev  0x00000687      0x104 obj\debug\src\system_stm32f4xx.o
 .debug_abbrev  0x0000078b      0x22d obj\debug\stm32f4xx_hal_driver\src\stm32f4xx_hal.o
 .debug_abbrev  0x000009b8      0x1fe obj\debug\stm32f4xx_hal_driver\src\stm32f4xx_hal_adc.o
 .debug_abbrev  0x00000bb6      0x29c obj\debug\stm32f4xx_hal_driver\src\stm32f4xx_hal_cortex.o
 .debug_abbrev  0x00000e52      0x1cf obj\debug\stm32f4xx_hal_driver\src\stm32f4xx_hal_dma.o
 .debug_abbrev  0x00001021      0x1ad obj\debug\stm32f4xx_hal_driver\src\stm32f4xx_hal_gpio.o
 .debug_abbrev  0x000011ce       0x6a obj\debug\stm32f4xx_hal_driver\src\stm32f4xx_hal_msp_template.o
 .debug_abbrev  0x00001238      0x297 obj\debug\stm32f4xx_hal_driver\src\stm32f4xx_hal_rcc.o

.debug_aranges  0x00000000      0x630
 .debug_aranges
                0x00000000       0xf0 obj\debug\bsp\stm32f4xx_nucleo.o
 .debug_aranges
                0x000000f0       0x38 obj\debug\src\main.o
 .debug_aranges
                0x00000128       0x20 obj\debug\src\startup_stm32f4xx.o
 .debug_aranges
                0x00000148       0x28 obj\debug\src\stm32f4xx_hal_msp.o
 .debug_aranges
                0x00000170       0x68 obj\debug\src\stm32f4xx_it.o
 .debug_aranges
                0x000001d8       0x28 obj\debug\src\system_stm32f4xx.o
 .debug_aranges
                0x00000200       0xc0 obj\debug\stm32f4xx_hal_driver\src\stm32f4xx_hal.o
 .debug_aranges
                0x000002c0       0xe8 obj\debug\stm32f4xx_hal_driver\src\stm32f4xx_hal_adc.o
 .debug_aranges
                0x000003a8      0x100 obj\debug\stm32f4xx_hal_driver\src\stm32f4xx_hal_cortex.o
 .debug_aranges
                0x000004a8       0x70 obj\debug\stm32f4xx_hal_driver\src\stm32f4xx_hal_dma.o
 .debug_aranges
                0x00000518       0x58 obj\debug\stm32f4xx_hal_driver\src\stm32f4xx_hal_gpio.o
 .debug_aranges
                0x00000570       0x38 obj\debug\stm32f4xx_hal_driver\src\stm32f4xx_hal_msp_template.o
 .debug_aranges
                0x000005a8       0x88 obj\debug\stm32f4xx_hal_driver\src\stm32f4xx_hal_rcc.o

.debug_ranges   0x00000000      0x550
 .debug_ranges  0x00000000       0xe0 obj\debug\bsp\stm32f4xx_nucleo.o
 .debug_ranges  0x000000e0       0x28 obj\debug\src\main.o
 .debug_ranges  0x00000108       0x18 obj\debug\src\stm32f4xx_hal_msp.o
 .debug_ranges  0x00000120       0x58 obj\debug\src\stm32f4xx_it.o
 .debug_ranges  0x00000178       0x18 obj\debug\src\system_stm32f4xx.o
 .debug_ranges  0x00000190       0xb0 obj\debug\stm32f4xx_hal_driver\src\stm32f4xx_hal.o
 .debug_ranges  0x00000240       0xd8 obj\debug\stm32f4xx_hal_driver\src\stm32f4xx_hal_adc.o
 .debug_ranges  0x00000318       0xf0 obj\debug\stm32f4xx_hal_driver\src\stm32f4xx_hal_cortex.o
 .debug_ranges  0x00000408       0x60 obj\debug\stm32f4xx_hal_driver\src\stm32f4xx_hal_dma.o
 .debug_ranges  0x00000468       0x48 obj\debug\stm32f4xx_hal_driver\src\stm32f4xx_hal_gpio.o
 .debug_ranges  0x000004b0       0x28 obj\debug\stm32f4xx_hal_driver\src\stm32f4xx_hal_msp_template.o
 .debug_ranges  0x000004d8       0x78 obj\debug\stm32f4xx_hal_driver\src\stm32f4xx_hal_rcc.o

.debug_macro    0x00000000     0xdefe
 .debug_macro   0x00000000      0x291 obj\debug\bsp\stm32f4xx_nucleo.o
 .debug_macro   0x00000291      0x874 obj\debug\bsp\stm32f4xx_nucleo.o
 .debug_macro   0x00000b05       0x2e obj\debug\bsp\stm32f4xx_nucleo.o
 .debug_macro   0x00000b33       0x28 obj\debug\bsp\stm32f4xx_nucleo.o
 .debug_macro   0x00000b5b       0x35 obj\debug\bsp\stm32f4xx_nucleo.o
 .debug_macro   0x00000b90       0x16 obj\debug\bsp\stm32f4xx_nucleo.o
 .debug_macro   0x00000ba6       0x44 obj\debug\bsp\stm32f4xx_nucleo.o
 .debug_macro   0x00000bea      0x209 obj\debug\bsp\stm32f4xx_nucleo.o
 .debug_macro   0x00000df3       0x18 obj\debug\bsp\stm32f4xx_nucleo.o
 .debug_macro   0x00000e0b       0x42 obj\debug\bsp\stm32f4xx_nucleo.o
 .debug_macro   0x00000e4d      0x7f9 obj\debug\bsp\stm32f4xx_nucleo.o
 .debug_macro   0x00001646     0x501b obj\debug\bsp\stm32f4xx_nucleo.o
 .debug_macro   0x00006661       0x43 obj\debug\bsp\stm32f4xx_nucleo.o
 .debug_macro   0x000066a4      0x1a2 obj\debug\bsp\stm32f4xx_nucleo.o
 .debug_macro   0x00006846     0x3222 obj\debug\bsp\stm32f4xx_nucleo.o
 .debug_macro   0x00009a68       0x58 obj\debug\bsp\stm32f4xx_nucleo.o
 .debug_macro   0x00009ac0       0x35 obj\debug\bsp\stm32f4xx_nucleo.o
 .debug_macro   0x00009af5       0xa2 obj\debug\bsp\stm32f4xx_nucleo.o
 .debug_macro   0x00009b97       0x16 obj\debug\bsp\stm32f4xx_nucleo.o
 .debug_macro   0x00009bad       0x97 obj\debug\bsp\stm32f4xx_nucleo.o
 .debug_macro   0x00009c44       0x10 obj\debug\bsp\stm32f4xx_nucleo.o
 .debug_macro   0x00009c54       0xef obj\debug\bsp\stm32f4xx_nucleo.o
 .debug_macro   0x00009d43       0x52 obj\debug\bsp\stm32f4xx_nucleo.o
 .debug_macro   0x00009d95       0x16 obj\debug\bsp\stm32f4xx_nucleo.o
 .debug_macro   0x00009dab       0x43 obj\debug\bsp\stm32f4xx_nucleo.o
 .debug_macro   0x00009dee      0x180 obj\debug\bsp\stm32f4xx_nucleo.o
 .debug_macro   0x00009f6e       0x10 obj\debug\bsp\stm32f4xx_nucleo.o
 .debug_macro   0x00009f7e       0x22 obj\debug\bsp\stm32f4xx_nucleo.o
 .debug_macro   0x00009fa0       0xbd obj\debug\bsp\stm32f4xx_nucleo.o
 .debug_macro   0x0000a05d       0x16 obj\debug\bsp\stm32f4xx_nucleo.o
 .debug_macro   0x0000a073      0x16c obj\debug\bsp\stm32f4xx_nucleo.o
 .debug_macro   0x0000a1df       0x5e obj\debug\bsp\stm32f4xx_nucleo.o
 .debug_macro   0x0000a23d      0x352 obj\debug\bsp\stm32f4xx_nucleo.o
 .debug_macro   0x0000a58f      0x8b5 obj\debug\bsp\stm32f4xx_nucleo.o
 .debug_macro   0x0000ae44      0x11e obj\debug\bsp\stm32f4xx_nucleo.o
 .debug_macro   0x0000af62       0xf8 obj\debug\bsp\stm32f4xx_nucleo.o
 .debug_macro   0x0000b05a       0x27 obj\debug\bsp\stm32f4xx_nucleo.o
 .debug_macro   0x0000b081      0x272 obj\debug\bsp\stm32f4xx_nucleo.o
 .debug_macro   0x0000b2f3       0x5f obj\debug\bsp\stm32f4xx_nucleo.o
 .debug_macro   0x0000b352       0x65 obj\debug\bsp\stm32f4xx_nucleo.o
 .debug_macro   0x0000b3b7      0x31a obj\debug\bsp\stm32f4xx_nucleo.o
 .debug_macro   0x0000b6d1      0x162 obj\debug\bsp\stm32f4xx_nucleo.o
 .debug_macro   0x0000b833       0xd6 obj\debug\bsp\stm32f4xx_nucleo.o
 .debug_macro   0x0000b909      0x13a obj\debug\bsp\stm32f4xx_nucleo.o
 .debug_macro   0x0000ba43      0x264 obj\debug\bsp\stm32f4xx_nucleo.o
 .debug_macro   0x0000bca7       0x2e obj\debug\bsp\stm32f4xx_nucleo.o
 .debug_macro   0x0000bcd5      0x11e obj\debug\bsp\stm32f4xx_nucleo.o
 .debug_macro   0x0000bdf3       0x85 obj\debug\bsp\stm32f4xx_nucleo.o
 .debug_macro   0x0000be78       0x89 obj\debug\bsp\stm32f4xx_nucleo.o
 .debug_macro   0x0000bf01      0x202 obj\debug\bsp\stm32f4xx_nucleo.o
 .debug_macro   0x0000c103      0x11e obj\debug\bsp\stm32f4xx_nucleo.o
 .debug_macro   0x0000c221      0x1ae obj\debug\bsp\stm32f4xx_nucleo.o
 .debug_macro   0x0000c3cf      0x270 obj\debug\src\main.o
 .debug_macro   0x0000c63f      0x1b4 obj\debug\src\main.o
 .debug_macro   0x0000c7f3       0x52 obj\debug\src\main.o
 .debug_macro   0x0000c845      0x270 obj\debug\src\stm32f4xx_hal_msp.o
 .debug_macro   0x0000cab5      0x27e obj\debug\src\stm32f4xx_it.o
 .debug_macro   0x0000cd33       0xab obj\debug\src\system_stm32f4xx.o
 .debug_macro   0x0000cdde      0x2a6 obj\debug\stm32f4xx_hal_driver\src\stm32f4xx_hal.o
 .debug_macro   0x0000d084      0x259 obj\debug\stm32f4xx_hal_driver\src\stm32f4xx_hal_adc.o
 .debug_macro   0x0000d2dd      0x258 obj\debug\stm32f4xx_hal_driver\src\stm32f4xx_hal_cortex.o
 .debug_macro   0x0000d535      0x25f obj\debug\stm32f4xx_hal_driver\src\stm32f4xx_hal_dma.o
 .debug_macro   0x0000d794      0x290 obj\debug\stm32f4xx_hal_driver\src\stm32f4xx_hal_gpio.o
 .debug_macro   0x0000da24      0x258 obj\debug\stm32f4xx_hal_driver\src\stm32f4xx_hal_msp_template.o
 .debug_macro   0x0000dc7c      0x282 obj\debug\stm32f4xx_hal_driver\src\stm32f4xx_hal_rcc.o

.debug_line     0x00000000     0x4dcd
 .debug_line    0x00000000      0x7ea obj\debug\bsp\stm32f4xx_nucleo.o
 .debug_line    0x000007ea      0x569 obj\debug\src\main.o
 .debug_line    0x00000d53       0xcc obj\debug\src\startup_stm32f4xx.o
 .debug_line    0x00000e1f      0x538 obj\debug\src\stm32f4xx_hal_msp.o
 .debug_line    0x00001357      0x5c1 obj\debug\src\stm32f4xx_it.o
 .debug_line    0x00001918      0x25c obj\debug\src\system_stm32f4xx.o
 .debug_line    0x00001b74      0x69a obj\debug\stm32f4xx_hal_driver\src\stm32f4xx_hal.o
 .debug_line    0x0000220e      0x8ab obj\debug\stm32f4xx_hal_driver\src\stm32f4xx_hal_adc.o
 .debug_line    0x00002ab9      0x7af obj\debug\stm32f4xx_hal_driver\src\stm32f4xx_hal_cortex.o
 .debug_line    0x00003268      0x6d3 obj\debug\stm32f4xx_hal_driver\src\stm32f4xx_hal_dma.o
 .debug_line    0x0000393b      0x689 obj\debug\stm32f4xx_hal_driver\src\stm32f4xx_hal_gpio.o
 .debug_line    0x00003fc4      0x535 obj\debug\stm32f4xx_hal_driver\src\stm32f4xx_hal_msp_template.o
 .debug_line    0x000044f9      0x8d4 obj\debug\stm32f4xx_hal_driver\src\stm32f4xx_hal_rcc.o

.debug_str      0x00000000    0x56889
 .debug_str     0x00000000    0x55346 obj\debug\bsp\stm32f4xx_nucleo.o
                              0x556d8 (size before relaxing)
 .debug_str     0x00055346      0x363 obj\debug\src\main.o
                              0x54f75 (size before relaxing)
 .debug_str     0x000556a9       0x43 obj\debug\src\stm32f4xx_hal_msp.o
                              0x551af (size before relaxing)
 .debug_str     0x000556ec       0xb5 obj\debug\src\stm32f4xx_it.o
                              0x54d33 (size before relaxing)
 .debug_str     0x000557a1       0xcc obj\debug\src\system_stm32f4xx.o
                              0x246ea (size before relaxing)
 .debug_str     0x0005586d      0x485 obj\debug\stm32f4xx_hal_driver\src\stm32f4xx_hal.o
                              0x54457 (size before relaxing)
 .debug_str     0x00055cf2      0x253 obj\debug\stm32f4xx_hal_driver\src\stm32f4xx_hal_adc.o
                              0x5430b (size before relaxing)
 .debug_str     0x00055f45      0x285 obj\debug\stm32f4xx_hal_driver\src\stm32f4xx_hal_cortex.o
                              0x541f4 (size before relaxing)
 .debug_str     0x000561ca      0x1b8 obj\debug\stm32f4xx_hal_driver\src\stm32f4xx_hal_dma.o
                              0x53ef8 (size before relaxing)
 .debug_str     0x00056382      0x254 obj\debug\stm32f4xx_hal_driver\src\stm32f4xx_hal_gpio.o
                              0x53e80 (size before relaxing)
 .debug_str     0x000565d6       0x58 obj\debug\stm32f4xx_hal_driver\src\stm32f4xx_hal_msp_template.o
                              0x53a80 (size before relaxing)
 .debug_str     0x0005662e      0x25b obj\debug\stm32f4xx_hal_driver\src\stm32f4xx_hal_rcc.o
                              0x54004 (size before relaxing)

.debug_frame    0x00000000     0x1308
 .debug_frame   0x00000000      0x358 obj\debug\bsp\stm32f4xx_nucleo.o
 .debug_frame   0x00000358       0x88 obj\debug\src\main.o
 .debug_frame   0x000003e0       0x50 obj\debug\src\stm32f4xx_hal_msp.o
 .debug_frame   0x00000430      0x104 obj\debug\src\stm32f4xx_it.o
 .debug_frame   0x00000534       0x44 obj\debug\src\system_stm32f4xx.o
 .debug_frame   0x00000578      0x228 obj\debug\stm32f4xx_hal_driver\src\stm32f4xx_hal.o
 .debug_frame   0x000007a0      0x314 obj\debug\stm32f4xx_hal_driver\src\stm32f4xx_hal_adc.o
 .debug_frame   0x00000ab4      0x35c obj\debug\stm32f4xx_hal_driver\src\stm32f4xx_hal_cortex.o
 .debug_frame   0x00000e10      0x160 obj\debug\stm32f4xx_hal_driver\src\stm32f4xx_hal_dma.o
 .debug_frame   0x00000f70       0xf4 obj\debug\stm32f4xx_hal_driver\src\stm32f4xx_hal_gpio.o
 .debug_frame   0x00001064       0x70 obj\debug\stm32f4xx_hal_driver\src\stm32f4xx_hal_msp_template.o
 .debug_frame   0x000010d4      0x1a0 obj\debug\stm32f4xx_hal_driver\src\stm32f4xx_hal_rcc.o
 .debug_frame   0x00001274       0x28 c:/program files/embitz/0.42/share/em_armgcc/bin/../lib/gcc/arm-none-eabi/4.8.4/../../../../arm-none-eabi/lib/armv7e-m/fpu\libg_n.a(lib_a-exit.o)
 .debug_frame   0x0000129c       0x2c c:/program files/embitz/0.42/share/em_armgcc/bin/../lib/gcc/arm-none-eabi/4.8.4/../../../../arm-none-eabi/lib/armv7e-m/fpu\libg_n.a(lib_a-init.o)
 .debug_frame   0x000012c8       0x20 c:/program files/embitz/0.42/share/em_armgcc/bin/../lib/gcc/arm-none-eabi/4.8.4/../../../../arm-none-eabi/lib/armv7e-m/fpu\libg_n.a(lib_a-memset.o)
 .debug_frame   0x000012e8       0x20 c:/program files/embitz/0.42/share/em_armgcc/bin/../lib/gcc/arm-none-eabi/4.8.4/../../../../arm-none-eabi/lib/armv7e-m/fpu\libnosys_s.a(_exit.o)
