Archive member included because of file (symbol)

c:/program files (x86)/emblocks/2.30/share/em_armgcc/bin/../lib/gcc/arm-none-eabi/4.7.3/../../../../arm-none-eabi/lib/armv7e-m/fpu\libc_n.a(lib_a-exit.o)
                              c:/program files (x86)/emblocks/2.30/share/em_armgcc/bin/../lib/gcc/arm-none-eabi/4.7.3/../../../../arm-none-eabi/lib/armv7e-m/fpu/crt0.o (exit)
c:/program files (x86)/emblocks/2.30/share/em_armgcc/bin/../lib/gcc/arm-none-eabi/4.7.3/../../../../arm-none-eabi/lib/armv7e-m/fpu\libc_n.a(lib_a-impure.o)
                              c:/program files (x86)/emblocks/2.30/share/em_armgcc/bin/../lib/gcc/arm-none-eabi/4.7.3/../../../../arm-none-eabi/lib/armv7e-m/fpu\libc_n.a(lib_a-exit.o) (_global_impure_ptr)
c:/program files (x86)/emblocks/2.30/share/em_armgcc/bin/../lib/gcc/arm-none-eabi/4.7.3/../../../../arm-none-eabi/lib/armv7e-m/fpu\libc_n.a(lib_a-init.o)
                              c:/program files (x86)/emblocks/2.30/share/em_armgcc/bin/../lib/gcc/arm-none-eabi/4.7.3/../../../../arm-none-eabi/lib/armv7e-m/fpu/crt0.o (__libc_init_array)
c:/program files (x86)/emblocks/2.30/share/em_armgcc/bin/../lib/gcc/arm-none-eabi/4.7.3/../../../../arm-none-eabi/lib/armv7e-m/fpu\libc_n.a(lib_a-memset.o)
                              c:/program files (x86)/emblocks/2.30/share/em_armgcc/bin/../lib/gcc/arm-none-eabi/4.7.3/../../../../arm-none-eabi/lib/armv7e-m/fpu/crt0.o (memset)
c:/program files (x86)/emblocks/2.30/share/em_armgcc/bin/../lib/gcc/arm-none-eabi/4.7.3/../../../../arm-none-eabi/lib/armv7e-m/fpu\libnosys.a(_exit.o)
                              c:/program files (x86)/emblocks/2.30/share/em_armgcc/bin/../lib/gcc/arm-none-eabi/4.7.3/../../../../arm-none-eabi/lib/armv7e-m/fpu\libc_n.a(lib_a-exit.o) (_exit)

Allocating common symbols
Common symbol       size              file

msTicks             0x4               obj\debug\src\blinky.o

Discarded input sections

 .text          0x00000000        0x0 c:/program files (x86)/emblocks/2.30/share/em_armgcc/bin/../lib/gcc/arm-none-eabi/4.7.3/armv7e-m/fpu/crti.o
 .data          0x00000000        0x0 c:/program files (x86)/emblocks/2.30/share/em_armgcc/bin/../lib/gcc/arm-none-eabi/4.7.3/armv7e-m/fpu/crti.o
 .bss           0x00000000        0x0 c:/program files (x86)/emblocks/2.30/share/em_armgcc/bin/../lib/gcc/arm-none-eabi/4.7.3/armv7e-m/fpu/crti.o
 .data          0x00000000        0x4 c:/program files (x86)/emblocks/2.30/share/em_armgcc/bin/../lib/gcc/arm-none-eabi/4.7.3/armv7e-m/fpu/crtbegin.o
 .data          0x00000000        0x0 c:/program files (x86)/emblocks/2.30/share/em_armgcc/bin/../lib/gcc/arm-none-eabi/4.7.3/../../../../arm-none-eabi/lib/armv7e-m/fpu/crt0.o
 .bss           0x00000000        0x0 c:/program files (x86)/emblocks/2.30/share/em_armgcc/bin/../lib/gcc/arm-none-eabi/4.7.3/../../../../arm-none-eabi/lib/armv7e-m/fpu/crt0.o
 .ARM.extab     0x00000000        0x0 c:/program files (x86)/emblocks/2.30/share/em_armgcc/bin/../lib/gcc/arm-none-eabi/4.7.3/../../../../arm-none-eabi/lib/armv7e-m/fpu/crt0.o
 .group         0x00000000        0x8 obj\debug\spl\src\misc.o
 .group         0x00000000        0x8 obj\debug\spl\src\misc.o
 .group         0x00000000        0x8 obj\debug\spl\src\misc.o
 .group         0x00000000        0x8 obj\debug\spl\src\misc.o
 .group         0x00000000        0x8 obj\debug\spl\src\misc.o
 .group         0x00000000        0x8 obj\debug\spl\src\misc.o
 .group         0x00000000        0x8 obj\debug\spl\src\misc.o
 .group         0x00000000        0x8 obj\debug\spl\src\misc.o
 .group         0x00000000        0x8 obj\debug\spl\src\misc.o
 .group         0x00000000        0x8 obj\debug\spl\src\misc.o
 .group         0x00000000        0x8 obj\debug\spl\src\misc.o
 .group         0x00000000        0x8 obj\debug\spl\src\misc.o
 .group         0x00000000        0x8 obj\debug\spl\src\misc.o
 .group         0x00000000        0x8 obj\debug\spl\src\misc.o
 .group         0x00000000        0x8 obj\debug\spl\src\misc.o
 .group         0x00000000        0x8 obj\debug\spl\src\misc.o
 .group         0x00000000        0x8 obj\debug\spl\src\misc.o
 .group         0x00000000        0x8 obj\debug\spl\src\misc.o
 .group         0x00000000        0x8 obj\debug\spl\src\misc.o
 .group         0x00000000        0x8 obj\debug\spl\src\misc.o
 .group         0x00000000        0x8 obj\debug\spl\src\misc.o
 .group         0x00000000        0x8 obj\debug\spl\src\misc.o
 .group         0x00000000        0x8 obj\debug\spl\src\misc.o
 .group         0x00000000        0x8 obj\debug\spl\src\misc.o
 .group         0x00000000        0x8 obj\debug\spl\src\misc.o
 .group         0x00000000        0x8 obj\debug\spl\src\misc.o
 .group         0x00000000        0x8 obj\debug\spl\src\misc.o
 .group         0x00000000        0x8 obj\debug\spl\src\misc.o
 .group         0x00000000        0x8 obj\debug\spl\src\misc.o
 .group         0x00000000        0x8 obj\debug\spl\src\misc.o
[...]
Memory Configuration

Name             Origin             Length             Attributes
ROM              0x08000000         0x00080000         xr
RAM              0x20000000         0x00018000         xrw
*default*        0x00000000         0xffffffff

Linker script and memory map

LOAD c:/program files (x86)/emblocks/2.30/share/em_armgcc/bin/../lib/gcc/arm-none-eabi/4.7.3/armv7e-m/fpu/crti.o
LOAD c:/program files (x86)/emblocks/2.30/share/em_armgcc/bin/../lib/gcc/arm-none-eabi/4.7.3/armv7e-m/fpu/crtbegin.o
LOAD c:/program files (x86)/emblocks/2.30/share/em_armgcc/bin/../lib/gcc/arm-none-eabi/4.7.3/../../../../arm-none-eabi/lib/armv7e-m/fpu/crt0.o
                0x00000000                __HEAP_SIZE = 0x0
                0x00000100                __STACK_SIZE = 0x100

.text           0x08000000      0xbd0
 *(.isr_vector)
 .isr_vector    0x08000000      0x188 obj\debug\src\startup_stm32f4xx.o
                0x08000000                __isr_vector
 *(.text*)
 .text          0x08000188       0x54 c:/program files (x86)/emblocks/2.30/share/em_armgcc/bin/../lib/gcc/arm-none-eabi/4.7.3/armv7e-m/fpu/crtbegin.o
 .text          0x080001dc       0x74 c:/program files (x86)/emblocks/2.30/share/em_armgcc/bin/../lib/gcc/arm-none-eabi/4.7.3/../../../../arm-none-eabi/lib/armv7e-m/fpu/crt0.o
                0x080001dc                _start
                0x080001dc                _mainCRTStartup
 .text.NVIC_SetPriority
                0x08000250       0x5c obj\debug\src\blinky.o
 .text.SysTick_Config
                0x080002ac       0x64 obj\debug\src\blinky.o
 .text.SysTick_Handler
                0x08000310       0x24 obj\debug\src\blinky.o
                0x08000310                SysTick_Handler
 .text.Delay    0x08000334       0x38 obj\debug\src\blinky.o
                0x08000334                Delay
 .text.BTN_Init
                0x0800036c       0x84 obj\debug\src\blinky.o
                0x0800036c                BTN_Init
 .text.BTN_Get  0x080003f0       0x1c obj\debug\src\blinky.o
                0x080003f0                BTN_Get
 .text.main     0x0800040c       0xbc obj\debug\src\blinky.o
                0x0800040c                main
 .text.LED_Init
                0x080004c8       0xe8 obj\debug\src\led.o
                0x080004c8                LED_Init
 .text.LED_On   0x080005b0       0x34 obj\debug\src\led.o
                0x080005b0                LED_On
 .text.LED_Off  0x080005e4       0x34 obj\debug\src\led.o
                0x080005e4                LED_Off
 .text.LED_Out  0x08000618       0x4c obj\debug\src\led.o
                0x08000618                LED_Out
 .text          0x08000664      0x108 obj\debug\src\startup_stm32f4xx.o
                0x08000664                Reset_Handler
                0x080006aa                NMI_Handler
                0x080006ac                HardFault_Handler
                0x080006ae                MemManage_Handler
                0x080006b0                BusFault_Handler
                0x080006b2                UsageFault_Handler
                0x080006b4                SVC_Handler
                0x080006b6                DebugMon_Handler
                0x080006b8                PendSV_Handler
                0x080006bc                Default_Handler
                0x080006be                WWDG_IRQHandler
                0x080006c0                PVD_IRQHandler
                0x080006c2                TAMP_STAMP_IRQHandler
                0x080006c4                RTC_WKUP_IRQHandler
                0x080006c6                FLASH_IRQHandler
                0x080006c8                RCC_IRQHandler
                0x080006ca                EXTI0_IRQHandler
                0x080006cc                EXTI1_IRQHandler
                0x080006ce                EXTI2_IRQHandler
                0x080006d0                EXTI3_IRQHandler
                0x080006d2                EXTI4_IRQHandler
                0x080006d4                DMA1_Stream0_IRQHandler
                0x080006d6                DMA1_Stream1_IRQHandler
                0x080006d8                DMA1_Stream2_IRQHandler
                0x080006da                DMA1_Stream3_IRQHandler
                0x080006dc                DMA1_Stream4_IRQHandler
                0x080006de                DMA1_Stream5_IRQHandler
                0x080006e0                DMA1_Stream6_IRQHandler
                0x080006e2                ADC_IRQHandler
                0x080006e4                CAN1_TX_IRQHandler
                0x080006e6                CAN1_RX0_IRQHandler
                0x080006e8                CAN1_RX1_IRQHandler
                0x080006ea                CAN1_SCE_IRQHandler
                0x080006ec                EXTI9_5_IRQHandler
                0x080006ee                TIM1_BRK_TIM9_IRQHandler
                0x080006f0                TIM1_UP_TIM10_IRQHandler
                0x080006f2                TIM1_TRG_COM_TIM11_IRQHandler
                0x080006f4                TIM1_CC_IRQHandler
                0x080006f6                TIM2_IRQHandler
                0x080006f8                TIM3_IRQHandler
                0x080006fa                TIM4_IRQHandler
                0x080006fc                I2C1_EV_IRQHandler
                0x080006fe                I2C1_ER_IRQHandler
                0x08000700                I2C2_EV_IRQHandler
                0x08000702                I2C2_ER_IRQHandler
                0x08000704                SPI1_IRQHandler
                0x08000706                SPI2_IRQHandler
                0x08000708                USART1_IRQHandler
                0x0800070a                USART2_IRQHandler
                0x0800070c                USART3_IRQHandler
                0x0800070e                EXTI15_10_IRQHandler
                0x08000710                RTC_Alarm_IRQHandler
                0x08000712                OTG_FS_WKUP_IRQHandler
                0x08000714                TIM8_BRK_TIM12_IRQHandler
                0x08000716                TIM8_UP_TIM13_IRQHandler
                0x08000718                TIM8_TRG_COM_TIM14_IRQHandler
                0x0800071a                TIM8_CC_IRQHandler
                0x0800071c                DMA1_Stream7_IRQHandler
                0x0800071e                FSMC_IRQHandler
                0x08000720                SDIO_IRQHandler
                0x08000722                TIM5_IRQHandler
                0x08000724                SPI3_IRQHandler
                0x08000726                UART4_IRQHandler
                0x08000728                UART5_IRQHandler
                0x0800072a                TIM6_DAC_IRQHandler
                0x0800072c                TIM7_IRQHandler
                0x0800072e                DMA2_Stream0_IRQHandler
                0x08000730                DMA2_Stream1_IRQHandler
                0x08000732                DMA2_Stream2_IRQHandler
                0x08000734                DMA2_Stream3_IRQHandler
                0x08000736                DMA2_Stream4_IRQHandler
                0x08000738                ETH_IRQHandler
                0x0800073a                ETH_WKUP_IRQHandler
                0x0800073c                CAN2_TX_IRQHandler
                0x0800073e                CAN2_RX0_IRQHandler
                0x08000740                CAN2_RX1_IRQHandler
                0x08000742                CAN2_SCE_IRQHandler
                0x08000744                OTG_FS_IRQHandler
                0x08000746                DMA2_Stream5_IRQHandler
                0x08000748                DMA2_Stream6_IRQHandler
                0x0800074a                DMA2_Stream7_IRQHandler
                0x0800074c                USART6_IRQHandler
                0x0800074e                I2C3_EV_IRQHandler
                0x08000750                I2C3_ER_IRQHandler
                0x08000752                OTG_HS_EP1_OUT_IRQHandler
                0x08000754                OTG_HS_EP1_IN_IRQHandler
                0x08000756                OTG_HS_WKUP_IRQHandler
                0x08000758                OTG_HS_IRQHandler
                0x0800075a                DCMI_IRQHandler
                0x0800075c                CRYP_IRQHandler
                0x0800075e                HASH_RNG_IRQHandler
                0x08000760                FPU_IRQHandler
 .text.SystemInit
                0x0800076c       0xb0 obj\debug\src\system_stm32f4xx.o
                0x0800076c                SystemInit
 .text.SystemCoreClockUpdate
                0x0800081c      0x170 obj\debug\src\system_stm32f4xx.o
                0x0800081c                SystemCoreClockUpdate
 .text.SetSysClock
                0x0800098c      0x188 obj\debug\src\system_stm32f4xx.o
 .text.exit     0x08000b14       0x28 c:/program files (x86)/emblocks/2.30/share/em_armgcc/bin/../lib/gcc/arm-none-eabi/4.7.3/../../../../arm-none-eabi/lib/armv7e-m/fpu\libc_n.a(lib_a-exit.o)
                0x08000b14                exit
 .text.__libc_init_array
                0x08000b3c       0x4c c:/program files (x86)/emblocks/2.30/share/em_armgcc/bin/../lib/gcc/arm-none-eabi/4.7.3/../../../../arm-none-eabi/lib/armv7e-m/fpu\libc_n.a(lib_a-init.o)
                0x08000b3c                __libc_init_array
 .text.memset   0x08000b88       0x10 c:/program files (x86)/emblocks/2.30/share/em_armgcc/bin/../lib/gcc/arm-none-eabi/4.7.3/../../../../arm-none-eabi/lib/armv7e-m/fpu\libc_n.a(lib_a-memset.o)
                0x08000b88                memset
 .text._exit    0x08000b98        0x4 c:/program files (x86)/emblocks/2.30/share/em_armgcc/bin/../lib/gcc/arm-none-eabi/4.7.3/../../../../arm-none-eabi/lib/armv7e-m/fpu\libnosys.a(_exit.o)
                0x08000b98                _exit
 *(.init)
 .init          0x08000b9c        0x4 c:/program files (x86)/emblocks/2.30/share/em_armgcc/bin/../lib/gcc/arm-none-eabi/4.7.3/armv7e-m/fpu/crti.o
                0x08000b9c                _init
 .init          0x08000ba0        0x8 c:/program files (x86)/emblocks/2.30/share/em_armgcc/bin/../lib/gcc/arm-none-eabi/4.7.3/armv7e-m/fpu/crtn.o
 *(.fini)
 .fini          0x08000ba8        0x4 c:/program files (x86)/emblocks/2.30/share/em_armgcc/bin/../lib/gcc/arm-none-eabi/4.7.3/armv7e-m/fpu/crti.o
                0x08000ba8                _fini
 .fini          0x08000bac        0x8 c:/program files (x86)/emblocks/2.30/share/em_armgcc/bin/../lib/gcc/arm-none-eabi/4.7.3/armv7e-m/fpu/crtn.o
 *crtbegin.o(.ctors)
 *crtbegin?.o(.ctors)
 *(EXCLUDE_FILE(*crtend.o *crtend?.o) .ctors)
 *(SORT(.ctors.*))
 *(.ctors)
 *crtbegin.o(.dtors)
 *crtbegin?.o(.dtors)
 *(EXCLUDE_FILE(*crtend.o *crtend?.o) .dtors)
 *(SORT(.dtors.*))
 *(.dtors)
 *(.rodata*)
 .rodata.led_mask
                0x08000bb4       0x10 obj\debug\src\led.o
                0x08000bb4                led_mask
 .rodata.str1.1
                0x08000bc4        0x2 c:/program files (x86)/emblocks/2.30/share/em_armgcc/bin/../lib/gcc/arm-none-eabi/4.7.3/../../../../arm-none-eabi/lib/armv7e-m/fpu\libc_n.a(lib_a-impure.o)
 *fill*         0x08000bc6        0x2 
 .rodata._global_impure_ptr
                0x08000bc8        0x4 c:/program files (x86)/emblocks/2.30/share/em_armgcc/bin/../lib/gcc/arm-none-eabi/4.7.3/../../../../arm-none-eabi/lib/armv7e-m/fpu\libc_n.a(lib_a-impure.o)
                0x08000bc8                _global_impure_ptr
 *(.eh_frame*)
 .eh_frame      0x08000bcc        0x0 c:/program files (x86)/emblocks/2.30/share/em_armgcc/bin/../lib/gcc/arm-none-eabi/4.7.3/armv7e-m/fpu/crtbegin.o
 .eh_frame      0x08000bcc        0x4 c:/program files (x86)/emblocks/2.30/share/em_armgcc/bin/../lib/gcc/arm-none-eabi/4.7.3/armv7e-m/fpu/crtend.o

.glue_7         0x08000bd0        0x0
 .glue_7        0x00000000        0x0 linker stubs

.glue_7t        0x08000bd0        0x0
 .glue_7t       0x00000000        0x0 linker stubs

.vfp11_veneer   0x08000bd0        0x0
 .vfp11_veneer  0x00000000        0x0 linker stubs

.v4_bx          0x08000bd0        0x0
 .v4_bx         0x00000000        0x0 linker stubs

.iplt           0x08000bd0        0x0
 .iplt          0x00000000        0x0 c:/program files (x86)/emblocks/2.30/share/em_armgcc/bin/../lib/gcc/arm-none-eabi/4.7.3/armv7e-m/fpu/crtbegin.o

.ARM.extab
 *(.ARM.extab* .gnu.linkonce.armextab.*)
                0x08000bd0                __exidx_start = .

.ARM.exidx      0x08000bd0        0x8
 *(.ARM.exidx* .gnu.linkonce.armexidx.*)
 .ARM.exidx     0x08000bd0        0x8 c:/program files (x86)/emblocks/2.30/share/em_armgcc/bin/../lib/gcc/arm-none-eabi/4.7.3/../../../../arm-none-eabi/lib/armv7e-m/fpu/crt0.o
                0x08000bd8                __exidx_end = .
                0x08000bd8                __etext = .

.rel.dyn        0x08000bd8        0x0
 .rel.iplt      0x00000000        0x0 c:/program files (x86)/emblocks/2.30/share/em_armgcc/bin/../lib/gcc/arm-none-eabi/4.7.3/armv7e-m/fpu/crtbegin.o

.data           0x20000000       0x7c load address 0x08000bd8
                0x20000000                __data_start__ = .
 *(vtable)
 *(.data*)
 .data.SystemCoreClock
                0x20000000        0x4 obj\debug\src\system_stm32f4xx.o
                0x20000000                SystemCoreClock
 .data.AHBPrescTable
                0x20000004       0x10 obj\debug\src\system_stm32f4xx.o
                0x20000004                AHBPrescTable
 .data.impure_data
                0x20000014       0x60 c:/program files (x86)/emblocks/2.30/share/em_armgcc/bin/../lib/gcc/arm-none-eabi/4.7.3/../../../../arm-none-eabi/lib/armv7e-m/fpu\libc_n.a(lib_a-impure.o)
                0x20000074                . = ALIGN (0x4)
                0x20000074                PROVIDE (__preinit_array_start, .)
 *(.preinit_array)
                0x20000074                PROVIDE (__preinit_array_end, .)
                0x20000074                . = ALIGN (0x4)
                0x20000074                PROVIDE (__init_array_start, .)
 *(SORT(.init_array.*))
 *(.init_array)
 .init_array    0x20000074        0x4 c:/program files (x86)/emblocks/2.30/share/em_armgcc/bin/../lib/gcc/arm-none-eabi/4.7.3/armv7e-m/fpu/crtbegin.o
                0x20000078                PROVIDE (__init_array_end, .)
                0x20000078                . = ALIGN (0x4)
                0x20000078                PROVIDE (__fini_array_start, .)
 *(SORT(.fini_array.*))
 *(.fini_array)
 .fini_array    0x20000078        0x4 c:/program files (x86)/emblocks/2.30/share/em_armgcc/bin/../lib/gcc/arm-none-eabi/4.7.3/armv7e-m/fpu/crtbegin.o
                0x2000007c                PROVIDE (__fini_array_end, .)
                0x2000007c                . = ALIGN (0x4)
                0x2000007c                __data_end__ = .

.jcr            0x2000007c        0x0 load address 0x08000c54
 .jcr           0x2000007c        0x0 c:/program files (x86)/emblocks/2.30/share/em_armgcc/bin/../lib/gcc/arm-none-eabi/4.7.3/armv7e-m/fpu/crtbegin.o

.igot.plt       0x2000007c        0x0 load address 0x08000c54
 .igot.plt      0x00000000        0x0 c:/program files (x86)/emblocks/2.30/share/em_armgcc/bin/../lib/gcc/arm-none-eabi/4.7.3/armv7e-m/fpu/crtbegin.o

.bss            0x2000007c       0x20 load address 0x08000c54
                0x2000007c                __bss_start__ = .
 *(.bss*)
 .bss           0x2000007c       0x1c c:/program files (x86)/emblocks/2.30/share/em_armgcc/bin/../lib/gcc/arm-none-eabi/4.7.3/armv7e-m/fpu/crtbegin.o
 *(COMMON)
 COMMON         0x20000098        0x4 obj\debug\src\blinky.o
                0x20000098                msTicks
                0x2000009c                __bss_end__ = .

.heap           0x200000a0        0x0
                0x200000a0                __end__ = .
                0x200000a0                end = __end__
 *(.heap*)
 .heap          0x200000a0        0x0 obj\debug\src\startup_stm32f4xx.o
                0x200000a0                __HeapLimit = .

.stack_dummy    0x200000a0      0x100
 *(.stack)
 .stack         0x200000a0      0x100 obj\debug\src\startup_stm32f4xx.o
                0x20018000                __StackTop = (ORIGIN (RAM) + 0x18000)
                0x20017f00                __StackLimit = (__StackTop - SIZEOF (.stack_dummy))
                0x20018000                PROVIDE (__stack, __StackTop)
                0x00000001                ASSERT ((__StackLimit >= __HeapLimit), region RAM overflowed with stack)
LOAD obj\debug\spl\src\misc.o
LOAD obj\debug\spl\src\stm32f4xx_adc.o
LOAD obj\debug\spl\src\stm32f4xx_can.o
LOAD obj\debug\spl\src\stm32f4xx_crc.o
LOAD obj\debug\spl\src\stm32f4xx_cryp.o
LOAD obj\debug\spl\src\stm32f4xx_cryp_aes.o
LOAD obj\debug\spl\src\stm32f4xx_cryp_des.o
LOAD obj\debug\spl\src\stm32f4xx_cryp_tdes.o
LOAD obj\debug\spl\src\stm32f4xx_dac.o
LOAD obj\debug\spl\src\stm32f4xx_dbgmcu.o
LOAD obj\debug\spl\src\stm32f4xx_dcmi.o
LOAD obj\debug\spl\src\stm32f4xx_dma.o
LOAD obj\debug\spl\src\stm32f4xx_exti.o
LOAD obj\debug\spl\src\stm32f4xx_flash.o
LOAD obj\debug\spl\src\stm32f4xx_fsmc.o
LOAD obj\debug\spl\src\stm32f4xx_gpio.o
LOAD obj\debug\spl\src\stm32f4xx_hash.o
LOAD obj\debug\spl\src\stm32f4xx_hash_md5.o
LOAD obj\debug\spl\src\stm32f4xx_hash_sha1.o
LOAD obj\debug\spl\src\stm32f4xx_i2c.o
LOAD obj\debug\spl\src\stm32f4xx_iwdg.o
LOAD obj\debug\spl\src\stm32f4xx_pwr.o
LOAD obj\debug\spl\src\stm32f4xx_rcc.o
LOAD obj\debug\spl\src\stm32f4xx_rng.o
LOAD obj\debug\spl\src\stm32f4xx_rtc.o
LOAD obj\debug\spl\src\stm32f4xx_sdio.o
LOAD obj\debug\spl\src\stm32f4xx_spi.o
LOAD obj\debug\spl\src\stm32f4xx_syscfg.o
LOAD obj\debug\spl\src\stm32f4xx_tim.o
LOAD obj\debug\spl\src\stm32f4xx_usart.o
LOAD obj\debug\spl\src\stm32f4xx_wwdg.o
LOAD obj\debug\src\blinky.o
LOAD obj\debug\src\led.o
LOAD obj\debug\src\startup_stm32f4xx.o
LOAD obj\debug\src\system_stm32f4xx.o
START GROUP
LOAD c:/program files (x86)/emblocks/2.30/share/em_armgcc/bin/../lib/gcc/arm-none-eabi/4.7.3/armv7e-m/fpu\libgcc.a
LOAD c:/program files (x86)/emblocks/2.30/share/em_armgcc/bin/../lib/gcc/arm-none-eabi/4.7.3/../../../../arm-none-eabi/lib/armv7e-m/fpu\libc_n.a
LOAD c:/program files (x86)/emblocks/2.30/share/em_armgcc/bin/../lib/gcc/arm-none-eabi/4.7.3/../../../../arm-none-eabi/lib/armv7e-m/fpu\libg_n.a
LOAD c:/program files (x86)/emblocks/2.30/share/em_armgcc/bin/../lib/gcc/arm-none-eabi/4.7.3/../../../../arm-none-eabi/lib/armv7e-m/fpu\libnosys.a
END GROUP
LOAD c:/program files (x86)/emblocks/2.30/share/em_armgcc/bin/../lib/gcc/arm-none-eabi/4.7.3/armv7e-m/fpu/crtend.o
LOAD c:/program files (x86)/emblocks/2.30/share/em_armgcc/bin/../lib/gcc/arm-none-eabi/4.7.3/armv7e-m/fpu/crtn.o
OUTPUT(bin\Debug\BareMetal_blinky.elf elf32-littlearm)

.ARM.attributes
                0x00000000       0x30
 .ARM.attributes
                0x00000000       0x22 c:/program files (x86)/emblocks/2.30/share/em_armgcc/bin/../lib/gcc/arm-none-eabi/4.7.3/armv7e-m/fpu/crti.o
 .ARM.attributes
                0x00000022       0x34 c:/program files (x86)/emblocks/2.30/share/em_armgcc/bin/../lib/gcc/arm-none-eabi/4.7.3/armv7e-m/fpu/crtbegin.o
 .ARM.attributes
                0x00000056       0x20 c:/program files (x86)/emblocks/2.30/share/em_armgcc/bin/../lib/gcc/arm-none-eabi/4.7.3/../../../../arm-none-eabi/lib/armv7e-m/fpu/crt0.o
 .ARM.attributes
                0x00000076       0x39 obj\debug\src\blinky.o
 .ARM.attributes
                0x000000af       0x39 obj\debug\src\led.o
 .ARM.attributes
                0x000000e8       0x1f obj\debug\src\startup_stm32f4xx.o
 .ARM.attributes
                0x00000107       0x39 obj\debug\src\system_stm32f4xx.o
 .ARM.attributes
                0x00000140       0x34 c:/program files (x86)/emblocks/2.30/share/em_armgcc/bin/../lib/gcc/arm-none-eabi/4.7.3/../../../../arm-none-eabi/lib/armv7e-m/fpu\libc_n.a(lib_a-exit.o)
 .ARM.attributes
                0x00000174       0x34 c:/program files (x86)/emblocks/2.30/share/em_armgcc/bin/../lib/gcc/arm-none-eabi/4.7.3/../../../../arm-none-eabi/lib/armv7e-m/fpu\libc_n.a(lib_a-impure.o)
 .ARM.attributes
                0x000001a8       0x34 c:/program files (x86)/emblocks/2.30/share/em_armgcc/bin/../lib/gcc/arm-none-eabi/4.7.3/../../../../arm-none-eabi/lib/armv7e-m/fpu\libc_n.a(lib_a-init.o)
 .ARM.attributes
                0x000001dc       0x34 c:/program files (x86)/emblocks/2.30/share/em_armgcc/bin/../lib/gcc/arm-none-eabi/4.7.3/../../../../arm-none-eabi/lib/armv7e-m/fpu\libc_n.a(lib_a-memset.o)
 .ARM.attributes
                0x00000210       0x34 c:/program files (x86)/emblocks/2.30/share/em_armgcc/bin/../lib/gcc/arm-none-eabi/4.7.3/../../../../arm-none-eabi/lib/armv7e-m/fpu\libnosys.a(_exit.o)
 .ARM.attributes
                0x00000244       0x34 c:/program files (x86)/emblocks/2.30/share/em_armgcc/bin/../lib/gcc/arm-none-eabi/4.7.3/armv7e-m/fpu/crtend.o
 .ARM.attributes
                0x00000278       0x22 c:/program files (x86)/emblocks/2.30/share/em_armgcc/bin/../lib/gcc/arm-none-eabi/4.7.3/armv7e-m/fpu/crtn.o

.comment        0x00000000       0x38
 .comment       0x00000000       0x38 obj\debug\src\blinky.o
                                 0x39 (size before relaxing)
 .comment       0x00000000       0x39 obj\debug\src\led.o
 .comment       0x00000000       0x39 obj\debug\src\system_stm32f4xx.o

.debug_info     0x00000000     0x1544
 .debug_info    0x00000000      0xa72 obj\debug\src\blinky.o
 .debug_info    0x00000a72      0x438 obj\debug\src\led.o
 .debug_info    0x00000eaa       0x71 obj\debug\src\startup_stm32f4xx.o
 .debug_info    0x00000f1b      0x629 obj\debug\src\system_stm32f4xx.o

.debug_abbrev   0x00000000      0x44b
 .debug_abbrev  0x00000000      0x1cb obj\debug\src\blinky.o
 .debug_abbrev  0x000001cb      0x12f obj\debug\src\led.o
 .debug_abbrev  0x000002fa       0x14 obj\debug\src\startup_stm32f4xx.o
 .debug_abbrev  0x0000030e      0x13d obj\debug\src\system_stm32f4xx.o

.debug_loc      0x00000000      0x2d4
 .debug_loc     0x00000000      0x164 obj\debug\src\blinky.o
 .debug_loc     0x00000164       0xd4 obj\debug\src\led.o
 .debug_loc     0x00000238       0x9c obj\debug\src\system_stm32f4xx.o

.debug_aranges  0x00000000       0xd8
 .debug_aranges
                0x00000000       0x50 obj\debug\src\blinky.o
 .debug_aranges
                0x00000050       0x38 obj\debug\src\led.o
 .debug_aranges
                0x00000088       0x20 obj\debug\src\startup_stm32f4xx.o
 .debug_aranges
                0x000000a8       0x30 obj\debug\src\system_stm32f4xx.o

.debug_ranges   0x00000000       0x88
 .debug_ranges  0x00000000       0x40 obj\debug\src\blinky.o
 .debug_ranges  0x00000040       0x28 obj\debug\src\led.o
 .debug_ranges  0x00000068       0x20 obj\debug\src\system_stm32f4xx.o

.debug_macro    0x00000000     0x91eb
 .debug_macro   0x00000000      0x25a obj\debug\src\blinky.o
 .debug_macro   0x0000025a       0x58 obj\debug\src\blinky.o
 .debug_macro   0x000002b2       0x35 obj\debug\src\blinky.o
 .debug_macro   0x000002e7       0xa2 obj\debug\src\blinky.o
 .debug_macro   0x00000389       0x16 obj\debug\src\blinky.o
 .debug_macro   0x0000039f       0x97 obj\debug\src\blinky.o
 .debug_macro   0x00000436       0x10 obj\debug\src\blinky.o
 .debug_macro   0x00000446       0xf5 obj\debug\src\blinky.o
 .debug_macro   0x0000053b       0x4a obj\debug\src\blinky.o
 .debug_macro   0x00000585       0x52 obj\debug\src\blinky.o
 .debug_macro   0x000005d7       0x16 obj\debug\src\blinky.o
 .debug_macro   0x000005ed       0x43 obj\debug\src\blinky.o
 .debug_macro   0x00000630      0x180 obj\debug\src\blinky.o
 .debug_macro   0x000007b0       0x10 obj\debug\src\blinky.o
 .debug_macro   0x000007c0       0x22 obj\debug\src\blinky.o
 .debug_macro   0x000007e2       0xbd obj\debug\src\blinky.o
 .debug_macro   0x0000089f       0x16 obj\debug\src\blinky.o
 .debug_macro   0x000008b5      0x16c obj\debug\src\blinky.o
 .debug_macro   0x00000a21       0x5d obj\debug\src\blinky.o
 .debug_macro   0x00000a7e      0x20f obj\debug\src\blinky.o
 .debug_macro   0x00000c8d     0x81c3 obj\debug\src\blinky.o
 .debug_macro   0x00008e50       0x35 obj\debug\src\blinky.o
 .debug_macro   0x00008e85       0x10 obj\debug\src\blinky.o
 .debug_macro   0x00008e95      0x19e obj\debug\src\led.o
 .debug_macro   0x00009033      0x1b8 obj\debug\src\system_stm32f4xx.o

.debug_line     0x00000000     0x11ad
 .debug_line    0x00000000      0x64a obj\debug\src\blinky.o
 .debug_line    0x0000064a      0x53d obj\debug\src\led.o
 .debug_line    0x00000b87       0xcc obj\debug\src\startup_stm32f4xx.o
 .debug_line    0x00000c53      0x55a obj\debug\src\system_stm32f4xx.o

.debug_str      0x00000000    0x587e0
 .debug_str     0x00000000    0x586bb obj\debug\src\blinky.o
                              0x588c9 (size before relaxing)
 .debug_str     0x000586bb       0x39 obj\debug\src\led.o
                              0x56194 (size before relaxing)
 .debug_str     0x000586f4       0xec obj\debug\src\system_stm32f4xx.o
                              0x56276 (size before relaxing)

.debug_frame    0x00000000      0x248
 .debug_frame   0x00000000       0xd0 obj\debug\src\blinky.o
 .debug_frame   0x000000d0       0x80 obj\debug\src\led.o
 .debug_frame   0x00000150       0x64 obj\debug\src\system_stm32f4xx.o
 .debug_frame   0x000001b4       0x28 c:/program files (x86)/emblocks/2.30/share/em_armgcc/bin/../lib/gcc/arm-none-eabi/4.7.3/../../../../arm-none-eabi/lib/armv7e-m/fpu\libc_n.a(lib_a-exit.o)
 .debug_frame   0x000001dc       0x2c c:/program files (x86)/emblocks/2.30/share/em_armgcc/bin/../lib/gcc/arm-none-eabi/4.7.3/../../../../arm-none-eabi/lib/armv7e-m/fpu\libc_n.a(lib_a-init.o)
 .debug_frame   0x00000208       0x20 c:/program files (x86)/emblocks/2.30/share/em_armgcc/bin/../lib/gcc/arm-none-eabi/4.7.3/../../../../arm-none-eabi/lib/armv7e-m/fpu\libc_n.a(lib_a-memset.o)
 .debug_frame   0x00000228       0x20 c:/program files (x86)/emblocks/2.30/share/em_armgcc/bin/../lib/gcc/arm-none-eabi/4.7.3/../../../../arm-none-eabi/lib/armv7e-m/fpu\libnosys.a(_exit.o)
